2025-10-18T04:09:43.5586164Z Current runner version: '2.329.0'
2025-10-18T04:09:43.5608518Z ##[group]Runner Image Provisioner
2025-10-18T04:09:43.5609324Z Hosted Compute Agent
2025-10-18T04:09:43.5609956Z Version: 20251013.424
2025-10-18T04:09:43.5610531Z Commit: cfdd8bfed34d71a55b72df4d2e82343c3fc2bab3
2025-10-18T04:09:43.5611263Z Build Date: 2025-10-13T20:22:23Z
2025-10-18T04:09:43.5611860Z ##[endgroup]
2025-10-18T04:09:43.5612400Z ##[group]Operating System
2025-10-18T04:09:43.5612923Z Ubuntu
2025-10-18T04:09:43.5613429Z 24.04.3
2025-10-18T04:09:43.5613873Z LTS
2025-10-18T04:09:43.5614548Z ##[endgroup]
2025-10-18T04:09:43.5615111Z ##[group]Runner Image
2025-10-18T04:09:43.5615623Z Image: ubuntu-24.04
2025-10-18T04:09:43.5616126Z Version: 20251014.76.1
2025-10-18T04:09:43.5617077Z Included Software: https://github.com/actions/runner-images/blob/ubuntu24/20251014.76/images/ubuntu/Ubuntu2404-Readme.md
2025-10-18T04:09:43.5618692Z Image Release: https://github.com/actions/runner-images/releases/tag/ubuntu24%2F20251014.76
2025-10-18T04:09:43.5619690Z ##[endgroup]
2025-10-18T04:09:43.5620934Z ##[group]GITHUB_TOKEN Permissions
2025-10-18T04:09:43.5622698Z Actions: read
2025-10-18T04:09:43.5623306Z Contents: read
2025-10-18T04:09:43.5623836Z Metadata: read
2025-10-18T04:09:43.5624284Z Packages: read
2025-10-18T04:09:43.5625113Z SecurityEvents: write
2025-10-18T04:09:43.5625648Z ##[endgroup]
2025-10-18T04:09:43.5627572Z Secret source: Actions
2025-10-18T04:09:43.5628341Z Prepare workflow directory
2025-10-18T04:09:43.6142973Z Prepare all required actions
2025-10-18T04:09:43.6179784Z Getting action download info
2025-10-18T04:09:44.0305465Z Download action repository 'actions/checkout@v4' (SHA:08eba0b27e820071cde6df949e0beb9ba4906955)
2025-10-18T04:09:44.2296620Z Download action repository 'github/codeql-action@v3' (SHA:42213152a85ae7569bdb6bec7bcd74cd691bfe41)
2025-10-18T04:09:45.7203712Z Complete job name: Analyze (python)
2025-10-18T04:09:45.7901532Z ##[group]Run actions/checkout@v4
2025-10-18T04:09:45.7902832Z with:
2025-10-18T04:09:45.7903594Z   repository: fattits30-dev/Justice-Companion
2025-10-18T04:09:45.7905133Z   token: ***
2025-10-18T04:09:45.7905818Z   ssh-strict: true
2025-10-18T04:09:45.7906535Z   ssh-user: git
2025-10-18T04:09:45.7907268Z   persist-credentials: true
2025-10-18T04:09:45.7908107Z   clean: true
2025-10-18T04:09:45.7908837Z   sparse-checkout-cone-mode: true
2025-10-18T04:09:45.7909732Z   fetch-depth: 1
2025-10-18T04:09:45.7910459Z   fetch-tags: false
2025-10-18T04:09:45.7911200Z   show-progress: true
2025-10-18T04:09:45.7911956Z   lfs: false
2025-10-18T04:09:45.7912644Z   submodules: false
2025-10-18T04:09:45.7913425Z   set-safe-directory: true
2025-10-18T04:09:45.7914941Z env:
2025-10-18T04:09:45.7915697Z   CODE_SCANNING_REF: refs/heads/main
2025-10-18T04:09:45.7916706Z   CODE_SCANNING_BASE_BRANCH: 
2025-10-18T04:09:45.7917724Z   CODE_SCANNING_IS_ANALYZING_DEFAULT_BRANCH: true
2025-10-18T04:09:45.7919002Z   CODE_SCANNING_IS_STEADY_STATE_DEFAULT_SETUP: true
2025-10-18T04:09:45.7943942Z   CODE_SCANNING_WORKFLOW_FILE: H4sIAAAAAAAA/6xV32/bNhB+919x8AakfZDzsD0JKFDFkRNvhp1aCrqsKAiaOslsZFLlD6dql/99oCjF0hrPGVY/WcfvPt7dd3cUdIchjKcyw3eL8UhZEXjTz9++QcHN1m4muEdhJlxU1ugJkxkSzagQXBREWUEcHh4fR1KEkNWC7jgbjVDswxHAdHUZk2QaLZfz5RVZx7MXE2PuOP/JcBElMblYR8vp9UuZNlQj2Sgq2PY5xnlComW0uPvTfVzGs+h2kf7HG7gmVNCy/uo+MsypLc2/35ikcXR5R5I0SuOnS5M4vb0JwSiL3/m8X61/ny1W78lsvohfGteDVPd5KR9IzstGodEnudFOFh8uur8AXu/Im+CV495Ro/iXSUlFYWnhfF83UGWFDpzODpQrufstWS1ftWhlhUD12qcMUKHaca25FNrfA0CZaT5BIc1aG5PCoDBDY0XZPS1waNTIrOKmDpqUdQgPihscdSRcWAykCFApqULIaan9oTaKGizqLoqc8jLIqTZ9ELQ5dyAALlhpMzwYAALoKhJ2ufROAZi7R6o6hPMn4HO4jeVlFuxkhiEIKXBw6MsYwtmHsd1YYWxQUoPajD+eHQnlE91TzRSvTGDqCv3fk4Gd9vrBYVa12UpxMq5nYP8rEG2wajswaHt9ukV2L60BhZXU3EhVt5RWu6ZrNTtnLe7t/tfRgGAuuOG05F8R/OYcuPvJPHfD+LkMPNk5F9y83f/SAh+42R46qxlHzXVwz0WmQ3CeQTfGT6iuQtqP3/czOnquXj3owdwHZ1ihyFCwOmCUbbkovJOv6wTFnispdigMvHkDZz65YCu1weysT/TZouIuuvEYfoJLvwcbaw3adqMKflxzXoTwV0/Idm8GGo2twoHCUhVDA4BLogzcmtAhfHjhPvSCkMYLHh/hY4/UbBVS0xSnbCjb007xxIUFlZJfasilAoUF18bl25LwLPTHp1tBG6pM0ICPdcSBnjCFGQrXbq3wGplCoydX8/T69oKs46t5kq7ncUJu1qs/7vqSHIbvSMcM2/oGVS7Vru1p/yRork9n1L4nh2za59//3FP2buGjI9erJG3zcIM5acowkdY0gjVfxDVXP40Bwc1qfZKgkuo4wTQi03idzmfzaZTGp6gYJQyV4Tl3y+oo6e16kZyisqrUB4Kh4IdN2FOqMzqnvwMAAP//uU2fwqkJAAA=
2025-10-18T04:09:45.7968992Z ##[endgroup]
2025-10-18T04:09:45.9057850Z Syncing repository: fattits30-dev/Justice-Companion
2025-10-18T04:09:45.9060375Z ##[group]Getting Git version info
2025-10-18T04:09:45.9061847Z Working directory is '/home/runner/work/Justice-Companion/Justice-Companion'
2025-10-18T04:09:45.9063829Z [command]/usr/bin/git version
2025-10-18T04:09:45.9158679Z git version 2.51.0
2025-10-18T04:09:45.9185684Z ##[endgroup]
2025-10-18T04:09:45.9200534Z Temporarily overriding HOME='/home/runner/work/_temp/3eebafc6-80cc-47d0-8a47-19adfb464f3b' before making global git config changes
2025-10-18T04:09:45.9203274Z Adding repository directory to the temporary git global config as a safe directory
2025-10-18T04:09:45.9214103Z [command]/usr/bin/git config --global --add safe.directory /home/runner/work/Justice-Companion/Justice-Companion
2025-10-18T04:09:45.9251620Z Deleting the contents of '/home/runner/work/Justice-Companion/Justice-Companion'
2025-10-18T04:09:45.9254583Z ##[group]Initializing the repository
2025-10-18T04:09:45.9259203Z [command]/usr/bin/git init /home/runner/work/Justice-Companion/Justice-Companion
2025-10-18T04:09:45.9412614Z hint: Using 'master' as the name for the initial branch. This default branch name
2025-10-18T04:09:45.9415149Z hint: is subject to change. To configure the initial branch name to use in all
2025-10-18T04:09:45.9418187Z hint: of your new repositories, which will suppress this warning, call:
2025-10-18T04:09:45.9420944Z hint:
2025-10-18T04:09:45.9422689Z hint: 	git config --global init.defaultBranch <name>
2025-10-18T04:09:45.9425182Z hint:
2025-10-18T04:09:45.9426941Z hint: Names commonly chosen instead of 'master' are 'main', 'trunk' and
2025-10-18T04:09:45.9430435Z hint: 'development'. The just-created branch can be renamed via this command:
2025-10-18T04:09:45.9432917Z hint:
2025-10-18T04:09:45.9434082Z hint: 	git branch -m <name>
2025-10-18T04:09:45.9435641Z hint:
2025-10-18T04:09:45.9437751Z hint: Disable this message with "git config set advice.defaultBranchName false"
2025-10-18T04:09:45.9439963Z Initialized empty Git repository in /home/runner/work/Justice-Companion/Justice-Companion/.git/
2025-10-18T04:09:45.9444218Z [command]/usr/bin/git remote add origin https://github.com/fattits30-dev/Justice-Companion
2025-10-18T04:09:45.9474874Z ##[endgroup]
2025-10-18T04:09:45.9477264Z ##[group]Disabling automatic garbage collection
2025-10-18T04:09:45.9479421Z [command]/usr/bin/git config --local gc.auto 0
2025-10-18T04:09:45.9508724Z ##[endgroup]
2025-10-18T04:09:45.9510870Z ##[group]Setting up auth
2025-10-18T04:09:45.9516465Z [command]/usr/bin/git config --local --name-only --get-regexp core\.sshCommand
2025-10-18T04:09:45.9546908Z [command]/usr/bin/git submodule foreach --recursive sh -c "git config --local --name-only --get-regexp 'core\.sshCommand' && git config --local --unset-all 'core.sshCommand' || :"
2025-10-18T04:09:45.9926349Z [command]/usr/bin/git config --local --name-only --get-regexp http\.https\:\/\/github\.com\/\.extraheader
2025-10-18T04:09:45.9956101Z [command]/usr/bin/git submodule foreach --recursive sh -c "git config --local --name-only --get-regexp 'http\.https\:\/\/github\.com\/\.extraheader' && git config --local --unset-all 'http.https://github.com/.extraheader' || :"
2025-10-18T04:09:46.0174699Z [command]/usr/bin/git config --local http.https://github.com/.extraheader AUTHORIZATION: basic ***
2025-10-18T04:09:46.0210703Z ##[endgroup]
2025-10-18T04:09:46.0211970Z ##[group]Fetching the repository
2025-10-18T04:09:46.0219973Z [command]/usr/bin/git -c protocol.version=2 fetch --no-tags --prune --no-recurse-submodules --depth=1 origin +019e657cb98aee5f318375f85e0fb6105403de7c:refs/remotes/origin/main
2025-10-18T04:09:47.0715339Z From https://github.com/fattits30-dev/Justice-Companion
2025-10-18T04:09:47.0716491Z  * [new ref]         019e657cb98aee5f318375f85e0fb6105403de7c -> origin/main
2025-10-18T04:09:47.0749226Z ##[endgroup]
2025-10-18T04:09:47.0749851Z ##[group]Determining the checkout info
2025-10-18T04:09:47.0751679Z ##[endgroup]
2025-10-18T04:09:47.0756932Z [command]/usr/bin/git sparse-checkout disable
2025-10-18T04:09:47.0797804Z [command]/usr/bin/git config --local --unset-all extensions.worktreeConfig
2025-10-18T04:09:47.0826542Z ##[group]Checking out the ref
2025-10-18T04:09:47.0829364Z [command]/usr/bin/git checkout --progress --force -B main refs/remotes/origin/main
2025-10-18T04:09:47.7893506Z Switched to a new branch 'main'
2025-10-18T04:09:47.7894087Z branch 'main' set up to track 'origin/main'.
2025-10-18T04:09:47.7910982Z ##[endgroup]
2025-10-18T04:09:47.7951086Z [command]/usr/bin/git log -1 --format=%H
2025-10-18T04:09:47.7976013Z 019e657cb98aee5f318375f85e0fb6105403de7c
2025-10-18T04:09:47.8251291Z ##[group]Run github/codeql-action/init@v3
2025-10-18T04:09:47.8251599Z with:
2025-10-18T04:09:47.8251785Z   analysis-kinds: code-scanning
2025-10-18T04:09:47.8252053Z   languages: python
2025-10-18T04:09:47.8252240Z   build-mode: none
2025-10-18T04:09:47.8252438Z   dependency-caching: true
2025-10-18T04:09:47.8252755Z   config: default-setup:
  org:
    model-packs: [  ]
threat-models: [  ]

2025-10-18T04:09:47.8253275Z   token: ***
2025-10-18T04:09:47.8253686Z   matrix: {
  "language": "python",
  "category": "/language:python",
  "build-mode": "none",
  "runner": "[\"ubuntu-latest\"]"
}
2025-10-18T04:09:47.8254148Z   debug: false
2025-10-18T04:09:47.8254350Z env:
2025-10-18T04:09:47.8254753Z   CODE_SCANNING_REF: refs/heads/main
2025-10-18T04:09:47.8255003Z   CODE_SCANNING_BASE_BRANCH: 
2025-10-18T04:09:47.8255253Z   CODE_SCANNING_IS_ANALYZING_DEFAULT_BRANCH: true
2025-10-18T04:09:47.8255566Z   CODE_SCANNING_IS_STEADY_STATE_DEFAULT_SETUP: true
2025-10-18T04:09:47.8261483Z   CODE_SCANNING_WORKFLOW_FILE: H4sIAAAAAAAA/6xV32/bNhB+919x8AakfZDzsD0JKFDFkRNvhp1aCrqsKAiaOslsZFLlD6dql/99oCjF0hrPGVY/WcfvPt7dd3cUdIchjKcyw3eL8UhZEXjTz9++QcHN1m4muEdhJlxU1ugJkxkSzagQXBREWUEcHh4fR1KEkNWC7jgbjVDswxHAdHUZk2QaLZfz5RVZx7MXE2PuOP/JcBElMblYR8vp9UuZNlQj2Sgq2PY5xnlComW0uPvTfVzGs+h2kf7HG7gmVNCy/uo+MsypLc2/35ikcXR5R5I0SuOnS5M4vb0JwSiL3/m8X61/ny1W78lsvohfGteDVPd5KR9IzstGodEnudFOFh8uur8AXu/Im+CV495Ro/iXSUlFYWnhfF83UGWFDpzODpQrufstWS1ftWhlhUD12qcMUKHaca25FNrfA0CZaT5BIc1aG5PCoDBDY0XZPS1waNTIrOKmDpqUdQgPihscdSRcWAykCFApqULIaan9oTaKGizqLoqc8jLIqTZ9ELQ5dyAALlhpMzwYAALoKhJ2ufROAZi7R6o6hPMn4HO4jeVlFuxkhiEIKXBw6MsYwtmHsd1YYWxQUoPajD+eHQnlE91TzRSvTGDqCv3fk4Gd9vrBYVa12UpxMq5nYP8rEG2wajswaHt9ukV2L60BhZXU3EhVt5RWu6ZrNTtnLe7t/tfRgGAuuOG05F8R/OYcuPvJPHfD+LkMPNk5F9y83f/SAh+42R46qxlHzXVwz0WmQ3CeQTfGT6iuQtqP3/czOnquXj3owdwHZ1ihyFCwOmCUbbkovJOv6wTFnispdigMvHkDZz65YCu1weysT/TZouIuuvEYfoJLvwcbaw3adqMKflxzXoTwV0/Idm8GGo2twoHCUhVDA4BLogzcmtAhfHjhPvSCkMYLHh/hY4/UbBVS0xSnbCjb007xxIUFlZJfasilAoUF18bl25LwLPTHp1tBG6pM0ICPdcSBnjCFGQrXbq3wGplCoydX8/T69oKs46t5kq7ncUJu1qs/7vqSHIbvSMcM2/oGVS7Vru1p/yRork9n1L4nh2za59//3FP2buGjI9erJG3zcIM5acowkdY0gjVfxDVXP40Bwc1qfZKgkuo4wTQi03idzmfzaZTGp6gYJQyV4Tl3y+oo6e16kZyisqrUB4Kh4IdN2FOqMzqnvwMAAP//uU2fwqkJAAA=
2025-10-18T04:09:47.8267586Z ##[endgroup]
2025-10-18T04:09:48.4962319Z Job run UUID is c72a455f-7a5f-4f5f-b473-eb571988c309.
2025-10-18T04:09:49.0116358Z ##[group]Setup CodeQL tools
2025-10-18T04:09:49.0182134Z [command]/usr/bin/tar --version
2025-10-18T04:09:49.0216672Z tar (GNU tar) 1.35
2025-10-18T04:09:49.0225190Z Copyright (C) 2023 Free Software Foundation, Inc.
2025-10-18T04:09:49.0225877Z License GPLv3+: GNU GPL version 3 or later <https://gnu.org/licenses/gpl.html>.
2025-10-18T04:09:49.0226399Z This is free software: you are free to change and redistribute it.
2025-10-18T04:09:49.0226931Z There is NO WARRANTY, to the extent permitted by law.
2025-10-18T04:09:49.0227320Z 
2025-10-18T04:09:49.0227477Z Written by John Gilmore and Jay Fenlason.
2025-10-18T04:09:49.0227944Z Found gnu tar version 1.35.
2025-10-18T04:09:49.0434322Z Found CodeQL tools version 2.23.2 in the toolcache.
2025-10-18T04:09:49.0435173Z Using CodeQL CLI version 2.23.2 from toolcache at /opt/hostedtoolcache/CodeQL/2.23.2/x64
2025-10-18T04:09:52.0009348Z [command]/opt/hostedtoolcache/CodeQL/2.23.2/x64/codeql/codeql version --format=json
2025-10-18T04:09:52.6143709Z {
2025-10-18T04:09:52.6146949Z   "productName" : "CodeQL",
2025-10-18T04:09:52.6147373Z   "vendor" : "GitHub",
2025-10-18T04:09:52.6147704Z   "version" : "2.23.2",
2025-10-18T04:09:52.6148107Z   "sha" : "54331b8085584a7da4e6228c885d6382811309df",
2025-10-18T04:09:52.6148555Z   "branches" : [
2025-10-18T04:09:52.6148879Z     "codeql-cli-2.23.2"
2025-10-18T04:09:52.6149187Z   ],
2025-10-18T04:09:52.6149532Z   "copyright" : "Copyright (C) 2019-2025 GitHub, Inc.",
2025-10-18T04:09:52.6150120Z   "unpackedLocation" : "/opt/hostedtoolcache/CodeQL/2.23.2/x64/codeql",
2025-10-18T04:09:52.6150790Z   "configFileLocation" : "/home/runner/.config/codeql/config",
2025-10-18T04:09:52.6151842Z   "configFileFound" : false,
2025-10-18T04:09:52.6152240Z   "overlayVersion" : 4,
2025-10-18T04:09:52.6152565Z   "features" : {
2025-10-18T04:09:52.6152905Z     "analysisSummaryV2Default" : true,
2025-10-18T04:09:52.6153313Z     "buildModeOption" : true,
2025-10-18T04:09:52.6153696Z     "bundleSupportsIncludeDiagnostics" : true,
2025-10-18T04:09:52.6154150Z     "bundleSupportsIncludeLogs" : true,
2025-10-18T04:09:52.6156121Z     "databaseInterpretResultsSupportsSarifRunProperty" : true,
2025-10-18T04:09:52.6156762Z     "featuresInVersionResult" : true,
2025-10-18T04:09:52.6157297Z     "indirectTracingSupportsStaticBinaries" : false,
2025-10-18T04:09:52.6157863Z     "informsAboutUnsupportedPathFilters" : true,
2025-10-18T04:09:52.6158354Z     "supportsPython312" : true,
2025-10-18T04:09:52.6158750Z     "mrvaPackCreate" : true,
2025-10-18T04:09:52.6159155Z     "threatModelOption" : true,
2025-10-18T04:09:52.6159560Z     "traceCommandUseBuildMode" : true,
2025-10-18T04:09:52.6159996Z     "v2ramSizing" : true,
2025-10-18T04:09:52.6160436Z     "mrvaPackCreateMultipleQueries" : true,
2025-10-18T04:09:52.6160934Z     "setsCodeqlRunnerEnvVar" : true,
2025-10-18T04:09:52.6161416Z     "sarifMergeRunsFromEqualCategory" : true,
2025-10-18T04:09:52.6161910Z     "forceOverwrite" : true,
2025-10-18T04:09:52.6162324Z     "generateSummarySymbolMap" : true,
2025-10-18T04:09:52.6162823Z     "pythonDefaultIsToNotExtractStdlib" : true,
2025-10-18T04:09:52.6163334Z     "queryServerRunQueries" : true,
2025-10-18T04:09:52.6163773Z     "queryServerTrimCacheWithMode" : true,
2025-10-18T04:09:52.6164286Z     "builtinExtractorsSpecifyDefaultQueries" : true
2025-10-18T04:09:52.6164947Z   }
2025-10-18T04:09:52.6165202Z }
2025-10-18T04:09:52.6293337Z ##[endgroup]
2025-10-18T04:09:52.6294037Z ##[group]Validating workflow
2025-10-18T04:09:52.6358658Z Detected no issues with the code scanning workflow.
2025-10-18T04:09:52.6359892Z ##[endgroup]
2025-10-18T04:09:52.6360445Z ##[group]Load language configuration
2025-10-18T04:09:52.6362486Z [command]/opt/hostedtoolcache/CodeQL/2.23.2/x64/codeql/codeql resolve languages --format=betterjson --extractor-options-verbosity=4 --extractor-include-aliases
2025-10-18T04:09:54.3480595Z {
2025-10-18T04:09:54.3481414Z   "aliases" : {
2025-10-18T04:09:54.3484805Z     "c" : "cpp",
2025-10-18T04:09:54.3485135Z     "c++" : "cpp",
2025-10-18T04:09:54.3485443Z     "c-c++" : "cpp",
2025-10-18T04:09:54.3485774Z     "c-cpp" : "cpp",
2025-10-18T04:09:54.3486097Z     "c#" : "csharp",
2025-10-18T04:09:54.3486436Z     "java-kotlin" : "java",
2025-10-18T04:09:54.3486788Z     "kotlin" : "java",
2025-10-18T04:09:54.3498747Z     "javascript-typescript" : "javascript",
2025-10-18T04:09:54.3499224Z     "typescript" : "javascript"
2025-10-18T04:09:54.3499521Z   },
2025-10-18T04:09:54.3499760Z   "extractors" : {
2025-10-18T04:09:54.3500041Z     "csv" : [
2025-10-18T04:09:54.3500314Z       {
2025-10-18T04:09:54.3500750Z         "extractor_root" : "/opt/hostedtoolcache/CodeQL/2.23.2/x64/codeql/csv"
2025-10-18T04:09:54.3501328Z       }
2025-10-18T04:09:54.3501591Z     ],
2025-10-18T04:09:54.3501862Z     "ruby" : [
2025-10-18T04:09:54.3502121Z       {
2025-10-18T04:09:54.3502575Z         "extractor_root" : "/opt/hostedtoolcache/CodeQL/2.23.2/x64/codeql/ruby",
2025-10-18T04:09:54.3503582Z         "extractor_options" : {
2025-10-18T04:09:54.3503941Z           "trap" : {
2025-10-18T04:09:54.3504301Z             "title" : "Options pertaining to TRAP.",
2025-10-18T04:09:54.3505016Z             "description" : "Options pertaining to TRAP.",
2025-10-18T04:09:54.3505418Z             "type" : "object",
2025-10-18T04:09:54.3505763Z             "properties" : {
2025-10-18T04:09:54.3506136Z               "compression" : {
2025-10-18T04:09:54.3506713Z                 "title" : "Controls compression for the TRAP files written by the extractor.",
2025-10-18T04:09:54.3508718Z                 "description" : "This option is only intended for use in debugging the extractor. Accepted values are 'gzip' (the default, to write gzip-compressed TRAP) 'zstd' (to write Zstandard-compressed TRAP) and 'none' (to write uncompressed TRAP).\n",
2025-10-18T04:09:54.3510163Z                 "type" : "string",
2025-10-18T04:09:54.3510493Z                 "pattern" : "^(none|gzip|zstd)$"
2025-10-18T04:09:54.3510908Z               }
2025-10-18T04:09:54.3511174Z             }
2025-10-18T04:09:54.3511404Z           }
2025-10-18T04:09:54.3511658Z         }
2025-10-18T04:09:54.3511925Z       }
2025-10-18T04:09:54.3512174Z     ],
2025-10-18T04:09:54.3512446Z     "python" : [
2025-10-18T04:09:54.3512730Z       {
2025-10-18T04:09:54.3513209Z         "extractor_root" : "/opt/hostedtoolcache/CodeQL/2.23.2/x64/codeql/python",
2025-10-18T04:09:54.3513798Z         "extractor_options" : {
2025-10-18T04:09:54.3514160Z           "logging" : {
2025-10-18T04:09:54.3514750Z             "title" : "Options pertaining to logging.",
2025-10-18T04:09:54.3515259Z             "description" : "Options pertaining to logging.",
2025-10-18T04:09:54.3515685Z             "type" : "object",
2025-10-18T04:09:54.3516015Z             "properties" : {
2025-10-18T04:09:54.3516335Z               "verbosity" : {
2025-10-18T04:09:54.3516769Z                 "title" : "Python extractor logging verbosity level.",
2025-10-18T04:09:54.3518406Z                 "description" : "Controls the level of verbosity of the CodeQL Python extractor.\nThe supported levels are (in order of increasing verbosity):\n\n  - off\n  - errors\n  - warnings\n  - info or progress\n  - debug or progress+\n  - trace or progress++\n  - progress+++\n",
2025-10-18T04:09:54.3519925Z                 "type" : "string",
2025-10-18T04:09:54.3520645Z                 "pattern" : "^(off|errors|warnings|(info|progress)|(debug|progress\\+)|(trace|progress\\+\\+)|progress\\+\\+\\+)$"
2025-10-18T04:09:54.3521361Z               }
2025-10-18T04:09:54.3521640Z             }
2025-10-18T04:09:54.3521930Z           },
2025-10-18T04:09:54.3522262Z           "python_executable_name" : {
2025-10-18T04:09:54.3522891Z             "title" : "Controls the name of the Python executable used by the Python extractor.",
2025-10-18T04:09:54.3525874Z             "description" : "The Python extractor uses platform-dependent heuristics to determine the name of the Python executable to use. Specifying a value for this option overrides the name of the Python executable used by the extractor. Accepted values are py, python and python3. Use this setting with caution, the Python extractor requires Python 3 to run.\n",
2025-10-18T04:09:54.3527840Z             "type" : "string",
2025-10-18T04:09:54.3528253Z             "pattern" : "^(py|python|python3)$"
2025-10-18T04:09:54.3528639Z           }
2025-10-18T04:09:54.3528895Z         }
2025-10-18T04:09:54.3529160Z       }
2025-10-18T04:09:54.3529404Z     ],
2025-10-18T04:09:54.3529662Z     "xml" : [
2025-10-18T04:09:54.3529938Z       {
2025-10-18T04:09:54.3530434Z         "extractor_root" : "/opt/hostedtoolcache/CodeQL/2.23.2/x64/codeql/xml"
2025-10-18T04:09:54.3530925Z       }
2025-10-18T04:09:54.3531170Z     ],
2025-10-18T04:09:54.3531438Z     "swift" : [
2025-10-18T04:09:54.3531708Z       {
2025-10-18T04:09:54.3532126Z         "extractor_root" : "/opt/hostedtoolcache/CodeQL/2.23.2/x64/codeql/swift"
2025-10-18T04:09:54.3532643Z       }
2025-10-18T04:09:54.3533179Z     ],
2025-10-18T04:09:54.3533442Z     "rust" : [
2025-10-18T04:09:54.3533712Z       {
2025-10-18T04:09:54.3534128Z         "extractor_root" : "/opt/hostedtoolcache/CodeQL/2.23.2/x64/codeql/rust",
2025-10-18T04:09:54.3534941Z         "extractor_options" : {
2025-10-18T04:09:54.3535298Z           "trap" : {
2025-10-18T04:09:54.3535663Z             "title" : "Options pertaining to TRAP.",
2025-10-18T04:09:54.3536210Z             "description" : "Options pertaining to TRAP.",
2025-10-18T04:09:54.3536663Z             "type" : "object",
2025-10-18T04:09:54.3537020Z             "properties" : {
2025-10-18T04:09:54.3537375Z               "compression" : {
2025-10-18T04:09:54.3537940Z                 "title" : "Controls compression for the TRAP files written by the extractor.",
2025-10-18T04:09:54.3539758Z                 "description" : "This option is only intended for use in debugging the extractor. Accepted values are 'gzip' (to write gzip-compressed TRAP) 'zstd' (to write Zstandard-compressed TRAP) and 'none' (the default, to write uncompressed TRAP).\n",
2025-10-18T04:09:54.3541193Z                 "type" : "string",
2025-10-18T04:09:54.3541602Z                 "pattern" : "^(none|gzip|zstd)$"
2025-10-18T04:09:54.3541984Z               }
2025-10-18T04:09:54.3542255Z             }
2025-10-18T04:09:54.3542529Z           },
2025-10-18T04:09:54.3542827Z           "cargo_target_dir" : {
2025-10-18T04:09:54.3543278Z             "title" : "Directory to use for cargo output files.",
2025-10-18T04:09:54.3545243Z             "description" : "This value is an optional path to use as `CARGO_TARGET_DIR` for the internal cargo commands the extractor uses. Pointing it to a persistent directory may reduce execution time of consecutive extractor runs. By default, a new scratch directory is used for each run.\n",
2025-10-18T04:09:54.3546939Z             "type" : "string"
2025-10-18T04:09:54.3547264Z           },
2025-10-18T04:09:54.3547561Z           "cargo_target" : {
2025-10-18T04:09:54.3547948Z             "title" : "Target architecture",
2025-10-18T04:09:54.3548831Z             "description" : "Target architecture to use for analysis, analogous to `cargo --target`. By default the host architecture is used.\n",
2025-10-18T04:09:54.3549688Z             "type" : "string"
2025-10-18T04:09:54.3550043Z           },
2025-10-18T04:09:54.3550338Z           "cargo_features" : {
2025-10-18T04:09:54.3550742Z             "title" : "Cargo features to turn on",
2025-10-18T04:09:54.3552379Z             "description" : "Comma-separated list of features to turn on. By default all features are enabled. If any features are specified, then only those features are enabled. The `default` feature must be explicitly specified if only default features are desired. Can be repeated.\n",
2025-10-18T04:09:54.3554029Z             "type" : "array"
2025-10-18T04:09:54.3554584Z           },
2025-10-18T04:09:54.3555025Z           "cargo_cfg_overrides" : {
2025-10-18T04:09:54.3555459Z             "title" : "Cargo cfg overrides",
2025-10-18T04:09:54.3556293Z             "description" : "Comma-separated list of cfg settings to enable, or disable if prefixed with `-`. Can be repeated.\n",
2025-10-18T04:09:54.3557104Z             "type" : "array"
2025-10-18T04:09:54.3557456Z           },
2025-10-18T04:09:54.3557737Z           "logging" : {
2025-10-18T04:09:54.3558123Z             "title" : "Options pertaining to logging.",
2025-10-18T04:09:54.3558655Z             "description" : "Options pertaining to logging.",
2025-10-18T04:09:54.3559146Z             "type" : "object",
2025-10-18T04:09:54.3559512Z             "properties" : {
2025-10-18T04:09:54.3559881Z               "verbosity" : {
2025-10-18T04:09:54.3560307Z                 "title" : "Extractor logging verbosity level.",
2025-10-18T04:09:54.3561844Z                 "description" : "Controls the level of verbosity of the extractor. The supported levels are (in order of increasing verbosity):\n  - off\n  - errors\n  - warnings\n  - info or progress\n  - debug or progress+\n  - trace or progress++\n  - progress+++\n",
2025-10-18T04:09:54.3563454Z                 "type" : "string",
2025-10-18T04:09:54.3564170Z                 "pattern" : "^(off|errors|warnings|(info|progress)|(debug|progress\\+)|(trace|progress\\+\\+)|progress\\+\\+\\+)$"
2025-10-18T04:09:54.3565270Z               },
2025-10-18T04:09:54.3565591Z               "flamegraph" : {
2025-10-18T04:09:54.3566075Z                 "title" : "[Experimental] File path for write flame graph log",
2025-10-18T04:09:54.3567244Z                 "description" : "Collect flame graph data using the `tracing-flame` crate. To render a flame graph or chart, run the `inferno-flamegraph` command. See also: https://crates.io/crates/tracing-flame\n",
2025-10-18T04:09:54.3568434Z                 "type" : "string"
2025-10-18T04:09:54.3568795Z               }
2025-10-18T04:09:54.3569295Z             }
2025-10-18T04:09:54.3569590Z           },
2025-10-18T04:09:54.3569901Z           "extract_dependencies_as_source" : {
2025-10-18T04:09:54.3570390Z             "title" : "Extract dependencies as source code",
2025-10-18T04:09:54.3571168Z             "description" : "Extract the full source code of dependencies instead of only extracting signatures.\n",
2025-10-18T04:09:54.3571856Z             "type" : "string",
2025-10-18T04:09:54.3572240Z             "pattern" : "^(false|true)$"
2025-10-18T04:09:54.3572634Z           }
2025-10-18T04:09:54.3572896Z         }
2025-10-18T04:09:54.3573147Z       }
2025-10-18T04:09:54.3573401Z     ],
2025-10-18T04:09:54.3573647Z     "html" : [
2025-10-18T04:09:54.3573921Z       {
2025-10-18T04:09:54.3574309Z         "extractor_root" : "/opt/hostedtoolcache/CodeQL/2.23.2/x64/codeql/html"
2025-10-18T04:09:54.3575053Z       }
2025-10-18T04:09:54.3575303Z     ],
2025-10-18T04:09:54.3575556Z     "javascript" : [
2025-10-18T04:09:54.3575842Z       {
2025-10-18T04:09:54.3576285Z         "extractor_root" : "/opt/hostedtoolcache/CodeQL/2.23.2/x64/codeql/javascript",
2025-10-18T04:09:54.3576943Z         "extractor_options" : {
2025-10-18T04:09:54.3577305Z           "trap" : {
2025-10-18T04:09:54.3577626Z             "title" : "TRAP options",
2025-10-18T04:09:54.3578156Z             "description" : "Options about how the extractor handles TRAP files",
2025-10-18T04:09:54.3578711Z             "type" : "object",
2025-10-18T04:09:54.3579053Z             "visibility" : 3,
2025-10-18T04:09:54.3579417Z             "properties" : {
2025-10-18T04:09:54.3579734Z               "cache" : {
2025-10-18T04:09:54.3580084Z                 "title" : "TRAP cache options",
2025-10-18T04:09:54.3580680Z                 "description" : "Options about how the extractor handles its TRAP cache",
2025-10-18T04:09:54.3581262Z                 "type" : "object",
2025-10-18T04:09:54.3581607Z                 "properties" : {
2025-10-18T04:09:54.3581957Z                   "dir" : {
2025-10-18T04:09:54.3582354Z                     "title" : "TRAP cache directory",
2025-10-18T04:09:54.3582873Z                     "description" : "The directory of the TRAP cache to use",
2025-10-18T04:09:54.3583403Z                     "type" : "string"
2025-10-18T04:09:54.3583773Z                   },
2025-10-18T04:09:54.3584045Z                   "bound" : {
2025-10-18T04:09:54.3584613Z                     "title" : "TRAP cache bound",
2025-10-18T04:09:54.3585185Z                     "description" : "A soft limit (in MB) on the size of the TRAP cache",
2025-10-18T04:09:54.3585715Z                     "type" : "string",
2025-10-18T04:09:54.3586090Z                     "pattern" : "[0-9]+"
2025-10-18T04:09:54.3586489Z                   },
2025-10-18T04:09:54.3586780Z                   "write" : {
2025-10-18T04:09:54.3587158Z                     "title" : "TRAP cache writeable",
2025-10-18T04:09:54.3587778Z                     "description" : "Whether to write to the TRAP cache as well as reading it",
2025-10-18T04:09:54.3588393Z                     "type" : "string",
2025-10-18T04:09:54.3588808Z                     "pattern" : "(true|TRUE|false|FALSE)"
2025-10-18T04:09:54.3589215Z                   }
2025-10-18T04:09:54.3589802Z                 }
2025-10-18T04:09:54.3590080Z               }
2025-10-18T04:09:54.3590348Z             }
2025-10-18T04:09:54.3590613Z           },
2025-10-18T04:09:54.3590862Z           "skip_types" : {
2025-10-18T04:09:54.3591271Z             "title" : "Skip type extraction for TypeScript",
2025-10-18T04:09:54.3591969Z             "description" : "Whether to skip the extraction of types in a TypeScript application",
2025-10-18T04:09:54.3592601Z             "type" : "string",
2025-10-18T04:09:54.3592994Z             "pattern" : "^(false|true)$"
2025-10-18T04:09:54.3593376Z           }
2025-10-18T04:09:54.3593931Z         }
2025-10-18T04:09:54.3594198Z       }
2025-10-18T04:09:54.3594621Z     ],
2025-10-18T04:09:54.3594885Z     "yaml" : [
2025-10-18T04:09:54.3595164Z       {
2025-10-18T04:09:54.3595830Z         "extractor_root" : "/opt/hostedtoolcache/CodeQL/2.23.2/x64/codeql/yaml"
2025-10-18T04:09:54.3596362Z       }
2025-10-18T04:09:54.3596589Z     ],
2025-10-18T04:09:54.3596848Z     "csharp" : [
2025-10-18T04:09:54.3597118Z       {
2025-10-18T04:09:54.3597542Z         "extractor_root" : "/opt/hostedtoolcache/CodeQL/2.23.2/x64/codeql/csharp",
2025-10-18T04:09:54.3597889Z         "extractor_options" : {
2025-10-18T04:09:54.3598104Z           "trap" : {
2025-10-18T04:09:54.3598307Z             "title" : "Options pertaining to TRAP.",
2025-10-18T04:09:54.3598600Z             "description" : "Options pertaining to TRAP.",
2025-10-18T04:09:54.3598860Z             "type" : "object",
2025-10-18T04:09:54.3599073Z             "properties" : {
2025-10-18T04:09:54.3599281Z               "compression" : {
2025-10-18T04:09:54.3599603Z                 "title" : "Controls compression for the TRAP files written by the extractor.",
2025-10-18T04:09:54.3600469Z                 "description" : "This option is only intended for use in debugging the extractor. Accepted values are 'brotli' (the default, to write brotli-compressed TRAP), 'gzip', and 'none' (to write uncompressed TRAP).\n",
2025-10-18T04:09:54.3601209Z                 "type" : "string",
2025-10-18T04:09:54.3601452Z                 "pattern" : "^(none|gzip|brotli)$"
2025-10-18T04:09:54.3601693Z               }
2025-10-18T04:09:54.3601852Z             }
2025-10-18T04:09:54.3602011Z           },
2025-10-18T04:09:54.3602170Z           "buildless" : {
2025-10-18T04:09:54.3602476Z             "title" : "DEPRECATED - Whether to use buildless (standalone) extraction.",
2025-10-18T04:09:54.3604078Z             "description" : "DEPRECATED: Use `--build-mode none` instead.\nA value indicating, which type of extraction the autobuilder should perform. If 'true', then the standalone extractor will be used, otherwise tracing extraction will be performed. The default is 'false'. Note that buildless extraction will generally yield less accurate analysis results, and should only be used in cases where it is not possible to build the code (for example if it uses inaccessible dependencies).\n",
2025-10-18T04:09:54.3605834Z             "type" : "string",
2025-10-18T04:09:54.3606060Z             "pattern" : "^(false|true)$"
2025-10-18T04:09:54.3606279Z           },
2025-10-18T04:09:54.3606440Z           "logging" : {
2025-10-18T04:09:54.3606650Z             "title" : "Options pertaining to logging.",
2025-10-18T04:09:54.3606945Z             "description" : "Options pertaining to logging.",
2025-10-18T04:09:54.3607208Z             "type" : "object",
2025-10-18T04:09:54.3607416Z             "properties" : {
2025-10-18T04:09:54.3607619Z               "verbosity" : {
2025-10-18T04:09:54.3607849Z                 "title" : "Extractor logging verbosity level.",
2025-10-18T04:09:54.3608706Z                 "description" : "Controls the level of verbosity of the extractor. The supported levels are (in order of increasing verbosity):\n  - off\n  - errors\n  - warnings\n  - info or progress\n  - debug or progress+\n  - trace or progress++\n  - progress+++\n",
2025-10-18T04:09:54.3609510Z                 "type" : "string",
2025-10-18T04:09:54.3609937Z                 "pattern" : "^(off|errors|warnings|(info|progress)|(debug|progress\\+)|(trace|progress\\+\\+)|progress\\+\\+\\+)$"
2025-10-18T04:09:54.3610531Z               }
2025-10-18T04:09:54.3610687Z             }
2025-10-18T04:09:54.3610843Z           },
2025-10-18T04:09:54.3610999Z           "binlog" : {
2025-10-18T04:09:54.3611194Z             "title" : "Binlog",
2025-10-18T04:09:54.3611795Z             "description" : "[EXPERIMENTAL] The value is a path to the MsBuild binary log file that should be extracted. This option only works when `--build-mode none` is also specified.\n",
2025-10-18T04:09:54.3612417Z             "type" : "array"
2025-10-18T04:09:54.3612609Z           }
2025-10-18T04:09:54.3612768Z         }
2025-10-18T04:09:54.3612914Z       }
2025-10-18T04:09:54.3613066Z     ],
2025-10-18T04:09:54.3613221Z     "java" : [
2025-10-18T04:09:54.3613484Z       {
2025-10-18T04:09:54.3613750Z         "extractor_root" : "/opt/hostedtoolcache/CodeQL/2.23.2/x64/codeql/java",
2025-10-18T04:09:54.3614077Z         "extractor_options" : {
2025-10-18T04:09:54.3614296Z           "exclude" : {
2025-10-18T04:09:54.3614714Z             "title" : "A glob excluding files from analysis.",
2025-10-18T04:09:54.3615360Z             "description" : "A glob indicating what files to exclude from the analysis. This accepts glob patterns that are supported by Java's 'getPathMatcher' implementation.\n",
2025-10-18T04:09:54.3615954Z             "type" : "string"
2025-10-18T04:09:54.3616147Z           },
2025-10-18T04:09:54.3616317Z           "add_prefer_source" : {
2025-10-18T04:09:54.3616613Z             "title" : "Whether to always prefer source files over class files.",
2025-10-18T04:09:54.3617622Z             "description" : "A value indicating whether source files should be preferred over class files. If set to 'true', the extraction adds '-Xprefer:source' to the javac command line. If set to 'false', the extraction uses the default javac behavior ('-Xprefer:newer'). The default is 'true'.\n",
2025-10-18T04:09:54.3618532Z             "type" : "string",
2025-10-18T04:09:54.3618757Z             "pattern" : "^(false|true)$"
2025-10-18T04:09:54.3618980Z           },
2025-10-18T04:09:54.3619139Z           "buildless" : {
2025-10-18T04:09:54.3619442Z             "title" : "Whether to use buildless (standalone) extraction (experimental).",
2025-10-18T04:09:54.3620920Z             "description" : "A value indicating, which type of extraction the autobuilder should perform. If 'true', then the standalone extractor will be used, otherwise tracing extraction will be performed. The default is 'false'. Note that buildless extraction will generally yield less accurate analysis results, and should only be used in cases where it is not possible to build the code (for example if it uses inaccessible dependencies).\n",
2025-10-18T04:09:54.3622268Z             "type" : "string",
2025-10-18T04:09:54.3622487Z             "pattern" : "^(false|true)$"
2025-10-18T04:09:54.3622701Z           },
2025-10-18T04:09:54.3622882Z           "buildless_dependency_dir" : {
2025-10-18T04:09:54.3623253Z             "title" : "The path where buildless (standalone) extraction should keep dependencies.",
2025-10-18T04:09:54.3623814Z             "description" : "If set, the buildless (standalone) extractor will store dependencies in this directory.\n",
2025-10-18T04:09:54.3624247Z             "type" : "string"
2025-10-18T04:09:54.3624610Z           },
2025-10-18T04:09:54.3624795Z           "minimize_dependency_jars" : {
2025-10-18T04:09:54.3625162Z             "title" : "Whether to rewrite and minimize downloaded JAR dependencies (experimental).",
2025-10-18T04:09:54.3625900Z             "description" : "If 'true', JAR dependencies downloaded during extraction will be rewritten to remove unneeded data, such as method bodies. The default is 'false'.\n",
2025-10-18T04:09:54.3626494Z             "type" : "string",
2025-10-18T04:09:54.3626702Z             "pattern" : "^(false|true)$"
2025-10-18T04:09:54.3626921Z           }
2025-10-18T04:09:54.3627067Z         }
2025-10-18T04:09:54.3627215Z       }
2025-10-18T04:09:54.3627485Z     ],
2025-10-18T04:09:54.3627641Z     "actions" : [
2025-10-18T04:09:54.3627802Z       {
2025-10-18T04:09:54.3628067Z         "extractor_root" : "/opt/hostedtoolcache/CodeQL/2.23.2/x64/codeql/actions",
2025-10-18T04:09:54.3628404Z         "extractor_options" : {
2025-10-18T04:09:54.3628614Z           "trap" : {
2025-10-18T04:09:54.3628811Z             "title" : "TRAP options",
2025-10-18T04:09:54.3629119Z             "description" : "Options about how the extractor handles TRAP files",
2025-10-18T04:09:54.3629442Z             "type" : "object",
2025-10-18T04:09:54.3629644Z             "visibility" : 3,
2025-10-18T04:09:54.3629852Z             "properties" : {
2025-10-18T04:09:54.3630051Z               "cache" : {
2025-10-18T04:09:54.3630271Z                 "title" : "TRAP cache options",
2025-10-18T04:09:54.3630719Z                 "description" : "Options about how the extractor handles its TRAP cache",
2025-10-18T04:09:54.3631064Z                 "type" : "object",
2025-10-18T04:09:54.3631290Z                 "properties" : {
2025-10-18T04:09:54.3631492Z                   "dir" : {
2025-10-18T04:09:54.3631704Z                     "title" : "TRAP cache directory",
2025-10-18T04:09:54.3632009Z                     "description" : "The directory of the TRAP cache to use",
2025-10-18T04:09:54.3632301Z                     "type" : "string"
2025-10-18T04:09:54.3632506Z                   },
2025-10-18T04:09:54.3632686Z                   "bound" : {
2025-10-18T04:09:54.3632893Z                     "title" : "TRAP cache bound",
2025-10-18T04:09:54.3633214Z                     "description" : "A soft limit (in MB) on the size of the TRAP cache",
2025-10-18T04:09:54.3633536Z                     "type" : "string",
2025-10-18T04:09:54.3633759Z                     "pattern" : "[0-9]+"
2025-10-18T04:09:54.3633981Z                   },
2025-10-18T04:09:54.3634151Z                   "write" : {
2025-10-18T04:09:54.3634512Z                     "title" : "TRAP cache writeable",
2025-10-18T04:09:54.3634945Z                     "description" : "Whether to write to the TRAP cache as well as reading it",
2025-10-18T04:09:54.3635291Z                     "type" : "string",
2025-10-18T04:09:54.3635529Z                     "pattern" : "(true|TRUE|false|FALSE)"
2025-10-18T04:09:54.3635765Z                   }
2025-10-18T04:09:54.3635925Z                 }
2025-10-18T04:09:54.3636082Z               }
2025-10-18T04:09:54.3636239Z             }
2025-10-18T04:09:54.3636390Z           }
2025-10-18T04:09:54.3636542Z         }
2025-10-18T04:09:54.3636685Z       }
2025-10-18T04:09:54.3636832Z     ],
2025-10-18T04:09:54.3636981Z     "properties" : [
2025-10-18T04:09:54.3637153Z       {
2025-10-18T04:09:54.3637413Z         "extractor_root" : "/opt/hostedtoolcache/CodeQL/2.23.2/x64/codeql/properties"
2025-10-18T04:09:54.3637741Z       }
2025-10-18T04:09:54.3637884Z     ],
2025-10-18T04:09:54.3638029Z     "go" : [
2025-10-18T04:09:54.3638177Z       {
2025-10-18T04:09:54.3638418Z         "extractor_root" : "/opt/hostedtoolcache/CodeQL/2.23.2/x64/codeql/go",
2025-10-18T04:09:54.3638749Z         "extractor_options" : {
2025-10-18T04:09:54.3638959Z           "extract_tests" : {
2025-10-18T04:09:54.3639242Z             "title" : "Whether to include Go test files in the CodeQL database.",
2025-10-18T04:09:54.3639810Z             "description" : "A value indicating whether Go test files should be included in the CodeQL database. The default is 'false'.\n",
2025-10-18T04:09:54.3640295Z             "type" : "string",
2025-10-18T04:09:54.3640500Z             "pattern" : "^(false|true)$"
2025-10-18T04:09:54.3640719Z           },
2025-10-18T04:09:54.3640889Z           "extract_vendor_dirs" : {
2025-10-18T04:09:54.3641206Z             "title" : "Whether to include Go vendor directories in the CodeQL database.",
2025-10-18T04:09:54.3641821Z             "description" : "A value indicating whether Go vendor directories should be included in the CodeQL database. The default is 'false'.\n",
2025-10-18T04:09:54.3642326Z             "type" : "string",
2025-10-18T04:09:54.3642788Z             "pattern" : "^(false|true)$"
2025-10-18T04:09:54.3642999Z           }
2025-10-18T04:09:54.3643157Z         }
2025-10-18T04:09:54.3643298Z       }
2025-10-18T04:09:54.3643445Z     ],
2025-10-18T04:09:54.3643595Z     "cpp" : [
2025-10-18T04:09:54.3643747Z       {
2025-10-18T04:09:54.3643995Z         "extractor_root" : "/opt/hostedtoolcache/CodeQL/2.23.2/x64/codeql/cpp",
2025-10-18T04:09:54.3644315Z         "extractor_options" : {
2025-10-18T04:09:54.3644794Z           "trap" : {
2025-10-18T04:09:54.3644981Z             "title" : "TRAP options",
2025-10-18T04:09:54.3645297Z             "description" : "Options about how the extractor handles TRAP files",
2025-10-18T04:09:54.3645609Z             "type" : "object",
2025-10-18T04:09:54.3645809Z             "visibility" : 3,
2025-10-18T04:09:54.3646303Z             "properties" : {
2025-10-18T04:09:54.3646518Z               "cache" : {
2025-10-18T04:09:54.3646727Z                 "title" : "TRAP cache options",
2025-10-18T04:09:54.3647069Z                 "description" : "Options about how the extractor handles its TRAP cache",
2025-10-18T04:09:54.3647404Z                 "type" : "object",
2025-10-18T04:09:54.3647618Z                 "properties" : {
2025-10-18T04:09:54.3647824Z                   "dir" : {
2025-10-18T04:09:54.3648030Z                     "title" : "TRAP cache directory",
2025-10-18T04:09:54.3648337Z                     "description" : "The directory of the TRAP cache to use",
2025-10-18T04:09:54.3648626Z                     "type" : "string"
2025-10-18T04:09:54.3648836Z                   },
2025-10-18T04:09:54.3649013Z                   "bound" : {
2025-10-18T04:09:54.3649223Z                     "title" : "TRAP cache bound",
2025-10-18T04:09:54.3649550Z                     "description" : "A soft limit (in MB) on the size of the TRAP cache",
2025-10-18T04:09:54.3649860Z                     "type" : "string",
2025-10-18T04:09:54.3650085Z                     "pattern" : "[0-9]+"
2025-10-18T04:09:54.3650296Z                   },
2025-10-18T04:09:54.3650476Z                   "write" : {
2025-10-18T04:09:54.3650689Z                     "title" : "TRAP cache writeable",
2025-10-18T04:09:54.3651040Z                     "description" : "Whether to write to the TRAP cache as well as reading it",
2025-10-18T04:09:54.3651377Z                     "type" : "string",
2025-10-18T04:09:54.3651607Z                     "pattern" : "(true|TRUE|false|FALSE)"
2025-10-18T04:09:54.3651847Z                   }
2025-10-18T04:09:54.3652010Z                 }
2025-10-18T04:09:54.3652174Z               }
2025-10-18T04:09:54.3652329Z             }
2025-10-18T04:09:54.3652485Z           },
2025-10-18T04:09:54.3652656Z           "scale_timeouts" : {
2025-10-18T04:09:54.3652935Z             "title" : "Value to scale compiler introspection timeouts with",
2025-10-18T04:09:54.3654205Z             "description" : "The extractor attempts to determine what compiler the source code being extracted is compiled with. To this end the extractor makes additional calls to the compiler, some of which are expected to return within a certain fixed time (either 10s or 15s). On some systems that are under high load this time might be too short, and can be scaled up using this option.\n",
2025-10-18T04:09:54.3655614Z             "type" : "string",
2025-10-18T04:09:54.3655827Z             "pattern" : "[0-9]+"
2025-10-18T04:09:54.3656024Z           },
2025-10-18T04:09:54.3656196Z           "log_verbosity" : {
2025-10-18T04:09:54.3656432Z             "title" : "Verbosity of the extractor logging",
2025-10-18T04:09:54.3656967Z             "description" : "Set the verbosity of the extractor logging to 'quiet' (0), 'normal' (1), 'chatty' (2), or 'noisy' (3). The default is 'normal'.\n",
2025-10-18T04:09:54.3657463Z             "type" : "string",
2025-10-18T04:09:54.3657669Z             "pattern" : "[0-3]"
2025-10-18T04:09:54.3657875Z           },
2025-10-18T04:09:54.3658046Z           "frontend_options" : {
2025-10-18T04:09:54.3658281Z             "title" : "C/C++ extractor frontend options",
2025-10-18T04:09:54.3658848Z             "description" : "Set additional options that should be passed to the C/C++ extractor frontend.\n",
2025-10-18T04:09:54.3659254Z             "type" : "array",
2025-10-18T04:09:54.3659449Z             "visibility" : 3
2025-10-18T04:09:54.3659645Z           }
2025-10-18T04:09:54.3659793Z         }
2025-10-18T04:09:54.3659942Z       }
2025-10-18T04:09:54.3660082Z     ]
2025-10-18T04:09:54.3660227Z   }
2025-10-18T04:09:54.3660367Z }
2025-10-18T04:09:54.3789900Z Languages from configuration: python
2025-10-18T04:09:54.3797188Z [command]/opt/hostedtoolcache/CodeQL/2.23.2/x64/codeql/codeql resolve languages --format=betterjson --extractor-options-verbosity=4 --extractor-include-aliases
2025-10-18T04:09:55.2590120Z {
2025-10-18T04:09:55.2615019Z   "aliases" : {
2025-10-18T04:09:55.2615843Z     "c" : "cpp",
2025-10-18T04:09:55.2616170Z     "c++" : "cpp",
2025-10-18T04:09:55.2616479Z     "c-c++" : "cpp",
2025-10-18T04:09:55.2616803Z     "c-cpp" : "cpp",
2025-10-18T04:09:55.2617135Z     "c#" : "csharp",
2025-10-18T04:09:55.2617448Z     "java-kotlin" : "java",
2025-10-18T04:09:55.2617820Z     "kotlin" : "java",
2025-10-18T04:09:55.2618206Z     "javascript-typescript" : "javascript",
2025-10-18T04:09:55.2618637Z     "typescript" : "javascript"
2025-10-18T04:09:55.2618961Z   },
2025-10-18T04:09:55.2619191Z   "extractors" : {
2025-10-18T04:09:55.2619464Z     "csv" : [
2025-10-18T04:09:55.2619704Z       {
2025-10-18T04:09:55.2620132Z         "extractor_root" : "/opt/hostedtoolcache/CodeQL/2.23.2/x64/codeql/csv"
2025-10-18T04:09:55.2620702Z       }
2025-10-18T04:09:55.2620960Z     ],
2025-10-18T04:09:55.2621215Z     "ruby" : [
2025-10-18T04:09:55.2621513Z       {
2025-10-18T04:09:55.2621963Z         "extractor_root" : "/opt/hostedtoolcache/CodeQL/2.23.2/x64/codeql/ruby",
2025-10-18T04:09:55.2622567Z         "extractor_options" : {
2025-10-18T04:09:55.2622933Z           "trap" : {
2025-10-18T04:09:55.2623279Z             "title" : "Options pertaining to TRAP.",
2025-10-18T04:09:55.2623806Z             "description" : "Options pertaining to TRAP.",
2025-10-18T04:09:55.2624258Z             "type" : "object",
2025-10-18T04:09:55.2624876Z             "properties" : {
2025-10-18T04:09:55.2625235Z               "compression" : {
2025-10-18T04:09:55.2625750Z                 "title" : "Controls compression for the TRAP files written by the extractor.",
2025-10-18T04:09:55.2627284Z                 "description" : "This option is only intended for use in debugging the extractor. Accepted values are 'gzip' (the default, to write gzip-compressed TRAP) 'zstd' (to write Zstandard-compressed TRAP) and 'none' (to write uncompressed TRAP).\n",
2025-10-18T04:09:55.2628738Z                 "type" : "string",
2025-10-18T04:09:55.2629154Z                 "pattern" : "^(none|gzip|zstd)$"
2025-10-18T04:09:55.2629557Z               }
2025-10-18T04:09:55.2629816Z             }
2025-10-18T04:09:55.2630047Z           }
2025-10-18T04:09:55.2630273Z         }
2025-10-18T04:09:55.2630491Z       }
2025-10-18T04:09:55.2630714Z     ],
2025-10-18T04:09:55.2630981Z     "python" : [
2025-10-18T04:09:55.2631264Z       {
2025-10-18T04:09:55.2631810Z         "extractor_root" : "/opt/hostedtoolcache/CodeQL/2.23.2/x64/codeql/python",
2025-10-18T04:09:55.2632417Z         "extractor_options" : {
2025-10-18T04:09:55.2632797Z           "logging" : {
2025-10-18T04:09:55.2633168Z             "title" : "Options pertaining to logging.",
2025-10-18T04:09:55.2633705Z             "description" : "Options pertaining to logging.",
2025-10-18T04:09:55.2634182Z             "type" : "object",
2025-10-18T04:09:55.2634747Z             "properties" : {
2025-10-18T04:09:55.2635103Z               "verbosity" : {
2025-10-18T04:09:55.2635514Z                 "title" : "Python extractor logging verbosity level.",
2025-10-18T04:09:55.2637109Z                 "description" : "Controls the level of verbosity of the CodeQL Python extractor.\nThe supported levels are (in order of increasing verbosity):\n\n  - off\n  - errors\n  - warnings\n  - info or progress\n  - debug or progress+\n  - trace or progress++\n  - progress+++\n",
2025-10-18T04:09:55.2638963Z                 "type" : "string",
2025-10-18T04:09:55.2639671Z                 "pattern" : "^(off|errors|warnings|(info|progress)|(debug|progress\\+)|(trace|progress\\+\\+)|progress\\+\\+\\+)$"
2025-10-18T04:09:55.2640397Z               }
2025-10-18T04:09:55.2640684Z             }
2025-10-18T04:09:55.2640949Z           },
2025-10-18T04:09:55.2641209Z           "python_executable_name" : {
2025-10-18T04:09:55.2641802Z             "title" : "Controls the name of the Python executable used by the Python extractor.",
2025-10-18T04:09:55.2644258Z             "description" : "The Python extractor uses platform-dependent heuristics to determine the name of the Python executable to use. Specifying a value for this option overrides the name of the Python executable used by the extractor. Accepted values are py, python and python3. Use this setting with caution, the Python extractor requires Python 3 to run.\n",
2025-10-18T04:09:55.2646705Z             "type" : "string",
2025-10-18T04:09:55.2647112Z             "pattern" : "^(py|python|python3)$"
2025-10-18T04:09:55.2647475Z           }
2025-10-18T04:09:55.2647700Z         }
2025-10-18T04:09:55.2647912Z       }
2025-10-18T04:09:55.2648134Z     ],
2025-10-18T04:09:55.2648376Z     "xml" : [
2025-10-18T04:09:55.2648655Z       {
2025-10-18T04:09:55.2649067Z         "extractor_root" : "/opt/hostedtoolcache/CodeQL/2.23.2/x64/codeql/xml"
2025-10-18T04:09:55.2649617Z       }
2025-10-18T04:09:55.2649873Z     ],
2025-10-18T04:09:55.2650123Z     "swift" : [
2025-10-18T04:09:55.2650411Z       {
2025-10-18T04:09:55.2650837Z         "extractor_root" : "/opt/hostedtoolcache/CodeQL/2.23.2/x64/codeql/swift"
2025-10-18T04:09:55.2651367Z       }
2025-10-18T04:09:55.2651626Z     ],
2025-10-18T04:09:55.2651888Z     "rust" : [
2025-10-18T04:09:55.2652145Z       {
2025-10-18T04:09:55.2652571Z         "extractor_root" : "/opt/hostedtoolcache/CodeQL/2.23.2/x64/codeql/rust",
2025-10-18T04:09:55.2653148Z         "extractor_options" : {
2025-10-18T04:09:55.2653509Z           "trap" : {
2025-10-18T04:09:55.2653861Z             "title" : "Options pertaining to TRAP.",
2025-10-18T04:09:55.2654358Z             "description" : "Options pertaining to TRAP.",
2025-10-18T04:09:55.2655212Z             "type" : "object",
2025-10-18T04:09:55.2655573Z             "properties" : {
2025-10-18T04:09:55.2655918Z               "compression" : {
2025-10-18T04:09:55.2656431Z                 "title" : "Controls compression for the TRAP files written by the extractor.",
2025-10-18T04:09:55.2658036Z                 "description" : "This option is only intended for use in debugging the extractor. Accepted values are 'gzip' (to write gzip-compressed TRAP) 'zstd' (to write Zstandard-compressed TRAP) and 'none' (the default, to write uncompressed TRAP).\n",
2025-10-18T04:09:55.2659484Z                 "type" : "string",
2025-10-18T04:09:55.2659866Z                 "pattern" : "^(none|gzip|zstd)$"
2025-10-18T04:09:55.2660279Z               }
2025-10-18T04:09:55.2660569Z             }
2025-10-18T04:09:55.2660848Z           },
2025-10-18T04:09:55.2661128Z           "cargo_target_dir" : {
2025-10-18T04:09:55.2661545Z             "title" : "Directory to use for cargo output files.",
2025-10-18T04:09:55.2663223Z             "description" : "This value is an optional path to use as `CARGO_TARGET_DIR` for the internal cargo commands the extractor uses. Pointing it to a persistent directory may reduce execution time of consecutive extractor runs. By default, a new scratch directory is used for each run.\n",
2025-10-18T04:09:55.2665050Z             "type" : "string"
2025-10-18T04:09:55.2665390Z           },
2025-10-18T04:09:55.2665663Z           "cargo_target" : {
2025-10-18T04:09:55.2666018Z             "title" : "Target architecture",
2025-10-18T04:09:55.2666855Z             "description" : "Target architecture to use for analysis, analogous to `cargo --target`. By default the host architecture is used.\n",
2025-10-18T04:09:55.2667744Z             "type" : "string"
2025-10-18T04:09:55.2668376Z           },
2025-10-18T04:09:55.2668696Z           "cargo_features" : {
2025-10-18T04:09:55.2669113Z             "title" : "Cargo features to turn on",
2025-10-18T04:09:55.2670696Z             "description" : "Comma-separated list of features to turn on. By default all features are enabled. If any features are specified, then only those features are enabled. The `default` feature must be explicitly specified if only default features are desired. Can be repeated.\n",
2025-10-18T04:09:55.2672304Z             "type" : "array"
2025-10-18T04:09:55.2672653Z           },
2025-10-18T04:09:55.2672951Z           "cargo_cfg_overrides" : {
2025-10-18T04:09:55.2673326Z             "title" : "Cargo cfg overrides",
2025-10-18T04:09:55.2674910Z             "description" : "Comma-separated list of cfg settings to enable, or disable if prefixed with `-`. Can be repeated.\n",
2025-10-18T04:09:55.2675747Z             "type" : "array"
2025-10-18T04:09:55.2676136Z           },
2025-10-18T04:09:55.2676436Z           "logging" : {
2025-10-18T04:09:55.2676801Z             "title" : "Options pertaining to logging.",
2025-10-18T04:09:55.2677287Z             "description" : "Options pertaining to logging.",
2025-10-18T04:09:55.2677625Z             "type" : "object",
2025-10-18T04:09:55.2677841Z             "properties" : {
2025-10-18T04:09:55.2678046Z               "verbosity" : {
2025-10-18T04:09:55.2678288Z                 "title" : "Extractor logging verbosity level.",
2025-10-18T04:09:55.2679140Z                 "description" : "Controls the level of verbosity of the extractor. The supported levels are (in order of increasing verbosity):\n  - off\n  - errors\n  - warnings\n  - info or progress\n  - debug or progress+\n  - trace or progress++\n  - progress+++\n",
2025-10-18T04:09:55.2679946Z                 "type" : "string",
2025-10-18T04:09:55.2680376Z                 "pattern" : "^(off|errors|warnings|(info|progress)|(debug|progress\\+)|(trace|progress\\+\\+)|progress\\+\\+\\+)$"
2025-10-18T04:09:55.2680801Z               },
2025-10-18T04:09:55.2680979Z               "flamegraph" : {
2025-10-18T04:09:55.2681258Z                 "title" : "[Experimental] File path for write flame graph log",
2025-10-18T04:09:55.2682046Z                 "description" : "Collect flame graph data using the `tracing-flame` crate. To render a flame graph or chart, run the `inferno-flamegraph` command. See also: https://crates.io/crates/tracing-flame\n",
2025-10-18T04:09:55.2682745Z                 "type" : "string"
2025-10-18T04:09:55.2682944Z               }
2025-10-18T04:09:55.2683108Z             }
2025-10-18T04:09:55.2683261Z           },
2025-10-18T04:09:55.2683448Z           "extract_dependencies_as_source" : {
2025-10-18T04:09:55.2683728Z             "title" : "Extract dependencies as source code",
2025-10-18T04:09:55.2684193Z             "description" : "Extract the full source code of dependencies instead of only extracting signatures.\n",
2025-10-18T04:09:55.2684850Z             "type" : "string",
2025-10-18T04:09:55.2685074Z             "pattern" : "^(false|true)$"
2025-10-18T04:09:55.2685299Z           }
2025-10-18T04:09:55.2685450Z         }
2025-10-18T04:09:55.2685600Z       }
2025-10-18T04:09:55.2685740Z     ],
2025-10-18T04:09:55.2685892Z     "html" : [
2025-10-18T04:09:55.2686048Z       {
2025-10-18T04:09:55.2686298Z         "extractor_root" : "/opt/hostedtoolcache/CodeQL/2.23.2/x64/codeql/html"
2025-10-18T04:09:55.2686607Z       }
2025-10-18T04:09:55.2686746Z     ],
2025-10-18T04:09:55.2686905Z     "javascript" : [
2025-10-18T04:09:55.2687074Z       {
2025-10-18T04:09:55.2687347Z         "extractor_root" : "/opt/hostedtoolcache/CodeQL/2.23.2/x64/codeql/javascript",
2025-10-18T04:09:55.2687693Z         "extractor_options" : {
2025-10-18T04:09:55.2687898Z           "trap" : {
2025-10-18T04:09:55.2688089Z             "title" : "TRAP options",
2025-10-18T04:09:55.2688410Z             "description" : "Options about how the extractor handles TRAP files",
2025-10-18T04:09:55.2688728Z             "type" : "object",
2025-10-18T04:09:55.2689113Z             "visibility" : 3,
2025-10-18T04:09:55.2689325Z             "properties" : {
2025-10-18T04:09:55.2689521Z               "cache" : {
2025-10-18T04:09:55.2689730Z                 "title" : "TRAP cache options",
2025-10-18T04:09:55.2690069Z                 "description" : "Options about how the extractor handles its TRAP cache",
2025-10-18T04:09:55.2690401Z                 "type" : "object",
2025-10-18T04:09:55.2690613Z                 "properties" : {
2025-10-18T04:09:55.2690818Z                   "dir" : {
2025-10-18T04:09:55.2691030Z                     "title" : "TRAP cache directory",
2025-10-18T04:09:55.2691337Z                     "description" : "The directory of the TRAP cache to use",
2025-10-18T04:09:55.2691629Z                     "type" : "string"
2025-10-18T04:09:55.2691938Z                   },
2025-10-18T04:09:55.2692119Z                   "bound" : {
2025-10-18T04:09:55.2692327Z                     "title" : "TRAP cache bound",
2025-10-18T04:09:55.2692656Z                     "description" : "A soft limit (in MB) on the size of the TRAP cache",
2025-10-18T04:09:55.2692968Z                     "type" : "string",
2025-10-18T04:09:55.2693197Z                     "pattern" : "[0-9]+"
2025-10-18T04:09:55.2693408Z                   },
2025-10-18T04:09:55.2693581Z                   "write" : {
2025-10-18T04:09:55.2693790Z                     "title" : "TRAP cache writeable",
2025-10-18T04:09:55.2694153Z                     "description" : "Whether to write to the TRAP cache as well as reading it",
2025-10-18T04:09:55.2694690Z                     "type" : "string",
2025-10-18T04:09:55.2694946Z                     "pattern" : "(true|TRUE|false|FALSE)"
2025-10-18T04:09:55.2695186Z                   }
2025-10-18T04:09:55.2695346Z                 }
2025-10-18T04:09:55.2695516Z               }
2025-10-18T04:09:55.2695670Z             }
2025-10-18T04:09:55.2695828Z           },
2025-10-18T04:09:55.2695986Z           "skip_types" : {
2025-10-18T04:09:55.2696233Z             "title" : "Skip type extraction for TypeScript",
2025-10-18T04:09:55.2696628Z             "description" : "Whether to skip the extraction of types in a TypeScript application",
2025-10-18T04:09:55.2696997Z             "type" : "string",
2025-10-18T04:09:55.2697242Z             "pattern" : "^(false|true)$"
2025-10-18T04:09:55.2697463Z           }
2025-10-18T04:09:55.2697618Z         }
2025-10-18T04:09:55.2697759Z       }
2025-10-18T04:09:55.2697901Z     ],
2025-10-18T04:09:55.2698043Z     "yaml" : [
2025-10-18T04:09:55.2698204Z       {
2025-10-18T04:09:55.2698450Z         "extractor_root" : "/opt/hostedtoolcache/CodeQL/2.23.2/x64/codeql/yaml"
2025-10-18T04:09:55.2698758Z       }
2025-10-18T04:09:55.2698893Z     ],
2025-10-18T04:09:55.2699041Z     "csharp" : [
2025-10-18T04:09:55.2699196Z       {
2025-10-18T04:09:55.2699454Z         "extractor_root" : "/opt/hostedtoolcache/CodeQL/2.23.2/x64/codeql/csharp",
2025-10-18T04:09:55.2699779Z         "extractor_options" : {
2025-10-18T04:09:55.2699986Z           "trap" : {
2025-10-18T04:09:55.2700189Z             "title" : "Options pertaining to TRAP.",
2025-10-18T04:09:55.2700469Z             "description" : "Options pertaining to TRAP.",
2025-10-18T04:09:55.2700731Z             "type" : "object",
2025-10-18T04:09:55.2700934Z             "properties" : {
2025-10-18T04:09:55.2701140Z               "compression" : {
2025-10-18T04:09:55.2701458Z                 "title" : "Controls compression for the TRAP files written by the extractor.",
2025-10-18T04:09:55.2702297Z                 "description" : "This option is only intended for use in debugging the extractor. Accepted values are 'brotli' (the default, to write brotli-compressed TRAP), 'gzip', and 'none' (to write uncompressed TRAP).\n",
2025-10-18T04:09:55.2703007Z                 "type" : "string",
2025-10-18T04:09:55.2703238Z                 "pattern" : "^(none|gzip|brotli)$"
2025-10-18T04:09:55.2703472Z               }
2025-10-18T04:09:55.2703626Z             }
2025-10-18T04:09:55.2703784Z           },
2025-10-18T04:09:55.2704070Z           "buildless" : {
2025-10-18T04:09:55.2704527Z             "title" : "DEPRECATED - Whether to use buildless (standalone) extraction.",
2025-10-18T04:09:55.2706133Z             "description" : "DEPRECATED: Use `--build-mode none` instead.\nA value indicating, which type of extraction the autobuilder should perform. If 'true', then the standalone extractor will be used, otherwise tracing extraction will be performed. The default is 'false'. Note that buildless extraction will generally yield less accurate analysis results, and should only be used in cases where it is not possible to build the code (for example if it uses inaccessible dependencies).\n",
2025-10-18T04:09:55.2707634Z             "type" : "string",
2025-10-18T04:09:55.2707847Z             "pattern" : "^(false|true)$"
2025-10-18T04:09:55.2708189Z           },
2025-10-18T04:09:55.2708353Z           "logging" : {
2025-10-18T04:09:55.2708571Z             "title" : "Options pertaining to logging.",
2025-10-18T04:09:55.2708871Z             "description" : "Options pertaining to logging.",
2025-10-18T04:09:55.2709140Z             "type" : "object",
2025-10-18T04:09:55.2709339Z             "properties" : {
2025-10-18T04:09:55.2709542Z               "verbosity" : {
2025-10-18T04:09:55.2709778Z                 "title" : "Extractor logging verbosity level.",
2025-10-18T04:09:55.2710613Z                 "description" : "Controls the level of verbosity of the extractor. The supported levels are (in order of increasing verbosity):\n  - off\n  - errors\n  - warnings\n  - info or progress\n  - debug or progress+\n  - trace or progress++\n  - progress+++\n",
2025-10-18T04:09:55.2711415Z                 "type" : "string",
2025-10-18T04:09:55.2711836Z                 "pattern" : "^(off|errors|warnings|(info|progress)|(debug|progress\\+)|(trace|progress\\+\\+)|progress\\+\\+\\+)$"
2025-10-18T04:09:55.2712264Z               }
2025-10-18T04:09:55.2712423Z             }
2025-10-18T04:09:55.2712581Z           },
2025-10-18T04:09:55.2712748Z           "binlog" : {
2025-10-18T04:09:55.2712930Z             "title" : "Binlog",
2025-10-18T04:09:55.2713525Z             "description" : "[EXPERIMENTAL] The value is a path to the MsBuild binary log file that should be extracted. This option only works when `--build-mode none` is also specified.\n",
2025-10-18T04:09:55.2714132Z             "type" : "array"
2025-10-18T04:09:55.2714326Z           }
2025-10-18T04:09:55.2714651Z         }
2025-10-18T04:09:55.2714801Z       }
2025-10-18T04:09:55.2714938Z     ],
2025-10-18T04:09:55.2715087Z     "java" : [
2025-10-18T04:09:55.2715239Z       {
2025-10-18T04:09:55.2715493Z         "extractor_root" : "/opt/hostedtoolcache/CodeQL/2.23.2/x64/codeql/java",
2025-10-18T04:09:55.2715820Z         "extractor_options" : {
2025-10-18T04:09:55.2716020Z           "exclude" : {
2025-10-18T04:09:55.2716250Z             "title" : "A glob excluding files from analysis.",
2025-10-18T04:09:55.2716880Z             "description" : "A glob indicating what files to exclude from the analysis. This accepts glob patterns that are supported by Java's 'getPathMatcher' implementation.\n",
2025-10-18T04:09:55.2717489Z             "type" : "string"
2025-10-18T04:09:55.2717674Z           },
2025-10-18T04:09:55.2717844Z           "add_prefer_source" : {
2025-10-18T04:09:55.2718139Z             "title" : "Whether to always prefer source files over class files.",
2025-10-18T04:09:55.2719124Z             "description" : "A value indicating whether source files should be preferred over class files. If set to 'true', the extraction adds '-Xprefer:source' to the javac command line. If set to 'false', the extraction uses the default javac behavior ('-Xprefer:newer'). The default is 'true'.\n",
2025-10-18T04:09:55.2720021Z             "type" : "string",
2025-10-18T04:09:55.2720233Z             "pattern" : "^(false|true)$"
2025-10-18T04:09:55.2720451Z           },
2025-10-18T04:09:55.2720610Z           "buildless" : {
2025-10-18T04:09:55.2720915Z             "title" : "Whether to use buildless (standalone) extraction (experimental).",
2025-10-18T04:09:55.2722500Z             "description" : "A value indicating, which type of extraction the autobuilder should perform. If 'true', then the standalone extractor will be used, otherwise tracing extraction will be performed. The default is 'false'. Note that buildless extraction will generally yield less accurate analysis results, and should only be used in cases where it is not possible to build the code (for example if it uses inaccessible dependencies).\n",
2025-10-18T04:09:55.2723834Z             "type" : "string",
2025-10-18T04:09:55.2724046Z             "pattern" : "^(false|true)$"
2025-10-18T04:09:55.2724296Z           },
2025-10-18T04:09:55.2724694Z           "buildless_dependency_dir" : {
2025-10-18T04:09:55.2725184Z             "title" : "The path where buildless (standalone) extraction should keep dependencies.",
2025-10-18T04:09:55.2725746Z             "description" : "If set, the buildless (standalone) extractor will store dependencies in this directory.\n",
2025-10-18T04:09:55.2726178Z             "type" : "string"
2025-10-18T04:09:55.2726367Z           },
2025-10-18T04:09:55.2726542Z           "minimize_dependency_jars" : {
2025-10-18T04:09:55.2726912Z             "title" : "Whether to rewrite and minimize downloaded JAR dependencies (experimental).",
2025-10-18T04:09:55.2727643Z             "description" : "If 'true', JAR dependencies downloaded during extraction will be rewritten to remove unneeded data, such as method bodies. The default is 'false'.\n",
2025-10-18T04:09:55.2728234Z             "type" : "string",
2025-10-18T04:09:55.2728436Z             "pattern" : "^(false|true)$"
2025-10-18T04:09:55.2728653Z           }
2025-10-18T04:09:55.2728801Z         }
2025-10-18T04:09:55.2728953Z       }
2025-10-18T04:09:55.2729094Z     ],
2025-10-18T04:09:55.2729255Z     "actions" : [
2025-10-18T04:09:55.2729415Z       {
2025-10-18T04:09:55.2729679Z         "extractor_root" : "/opt/hostedtoolcache/CodeQL/2.23.2/x64/codeql/actions",
2025-10-18T04:09:55.2730028Z         "extractor_options" : {
2025-10-18T04:09:55.2730232Z           "trap" : {
2025-10-18T04:09:55.2730422Z             "title" : "TRAP options",
2025-10-18T04:09:55.2730735Z             "description" : "Options about how the extractor handles TRAP files",
2025-10-18T04:09:55.2731058Z             "type" : "object",
2025-10-18T04:09:55.2731257Z             "visibility" : 3,
2025-10-18T04:09:55.2731464Z             "properties" : {
2025-10-18T04:09:55.2731659Z               "cache" : {
2025-10-18T04:09:55.2731864Z                 "title" : "TRAP cache options",
2025-10-18T04:09:55.2732204Z                 "description" : "Options about how the extractor handles its TRAP cache",
2025-10-18T04:09:55.2732534Z                 "type" : "object",
2025-10-18T04:09:55.2732751Z                 "properties" : {
2025-10-18T04:09:55.2732957Z                   "dir" : {
2025-10-18T04:09:55.2733170Z                     "title" : "TRAP cache directory",
2025-10-18T04:09:55.2733473Z                     "description" : "The directory of the TRAP cache to use",
2025-10-18T04:09:55.2733769Z                     "type" : "string"
2025-10-18T04:09:55.2733971Z                   },
2025-10-18T04:09:55.2734147Z                   "bound" : {
2025-10-18T04:09:55.2734539Z                     "title" : "TRAP cache bound",
2025-10-18T04:09:55.2734870Z                     "description" : "A soft limit (in MB) on the size of the TRAP cache",
2025-10-18T04:09:55.2735190Z                     "type" : "string",
2025-10-18T04:09:55.2735412Z                     "pattern" : "[0-9]+"
2025-10-18T04:09:55.2735630Z                   },
2025-10-18T04:09:55.2735801Z                   "write" : {
2025-10-18T04:09:55.2736016Z                     "title" : "TRAP cache writeable",
2025-10-18T04:09:55.2736368Z                     "description" : "Whether to write to the TRAP cache as well as reading it",
2025-10-18T04:09:55.2736710Z                     "type" : "string",
2025-10-18T04:09:55.2736951Z                     "pattern" : "(true|TRUE|false|FALSE)"
2025-10-18T04:09:55.2737303Z                   }
2025-10-18T04:09:55.2737471Z                 }
2025-10-18T04:09:55.2737631Z               }
2025-10-18T04:09:55.2737791Z             }
2025-10-18T04:09:55.2737942Z           }
2025-10-18T04:09:55.2738097Z         }
2025-10-18T04:09:55.2738241Z       }
2025-10-18T04:09:55.2738385Z     ],
2025-10-18T04:09:55.2738536Z     "properties" : [
2025-10-18T04:09:55.2738709Z       {
2025-10-18T04:09:55.2738974Z         "extractor_root" : "/opt/hostedtoolcache/CodeQL/2.23.2/x64/codeql/properties"
2025-10-18T04:09:55.2739307Z       }
2025-10-18T04:09:55.2739455Z     ],
2025-10-18T04:09:55.2739605Z     "go" : [
2025-10-18T04:09:55.2739758Z       {
2025-10-18T04:09:55.2739987Z         "extractor_root" : "/opt/hostedtoolcache/CodeQL/2.23.2/x64/codeql/go",
2025-10-18T04:09:55.2740439Z         "extractor_options" : {
2025-10-18T04:09:55.2740656Z           "extract_tests" : {
2025-10-18T04:09:55.2740945Z             "title" : "Whether to include Go test files in the CodeQL database.",
2025-10-18T04:09:55.2741512Z             "description" : "A value indicating whether Go test files should be included in the CodeQL database. The default is 'false'.\n",
2025-10-18T04:09:55.2741998Z             "type" : "string",
2025-10-18T04:09:55.2742215Z             "pattern" : "^(false|true)$"
2025-10-18T04:09:55.2742429Z           },
2025-10-18T04:09:55.2742600Z           "extract_vendor_dirs" : {
2025-10-18T04:09:55.2742916Z             "title" : "Whether to include Go vendor directories in the CodeQL database.",
2025-10-18T04:09:55.2743522Z             "description" : "A value indicating whether Go vendor directories should be included in the CodeQL database. The default is 'false'.\n",
2025-10-18T04:09:55.2744025Z             "type" : "string",
2025-10-18T04:09:55.2744240Z             "pattern" : "^(false|true)$"
2025-10-18T04:09:55.2744612Z           }
2025-10-18T04:09:55.2744759Z         }
2025-10-18T04:09:55.2744909Z       }
2025-10-18T04:09:55.2745043Z     ],
2025-10-18T04:09:55.2745190Z     "cpp" : [
2025-10-18T04:09:55.2745347Z       {
2025-10-18T04:09:55.2745599Z         "extractor_root" : "/opt/hostedtoolcache/CodeQL/2.23.2/x64/codeql/cpp",
2025-10-18T04:09:55.2745919Z         "extractor_options" : {
2025-10-18T04:09:55.2746120Z           "trap" : {
2025-10-18T04:09:55.2746302Z             "title" : "TRAP options",
2025-10-18T04:09:55.2746620Z             "description" : "Options about how the extractor handles TRAP files",
2025-10-18T04:09:55.2746938Z             "type" : "object",
2025-10-18T04:09:55.2747134Z             "visibility" : 3,
2025-10-18T04:09:55.2747336Z             "properties" : {
2025-10-18T04:09:55.2747529Z               "cache" : {
2025-10-18T04:09:55.2747736Z                 "title" : "TRAP cache options",
2025-10-18T04:09:55.2748074Z                 "description" : "Options about how the extractor handles its TRAP cache",
2025-10-18T04:09:55.2748408Z                 "type" : "object",
2025-10-18T04:09:55.2748621Z                 "properties" : {
2025-10-18T04:09:55.2748833Z                   "dir" : {
2025-10-18T04:09:55.2749042Z                     "title" : "TRAP cache directory",
2025-10-18T04:09:55.2749348Z                     "description" : "The directory of the TRAP cache to use",
2025-10-18T04:09:55.2749640Z                     "type" : "string"
2025-10-18T04:09:55.2749852Z                   },
2025-10-18T04:09:55.2750026Z                   "bound" : {
2025-10-18T04:09:55.2750232Z                     "title" : "TRAP cache bound",
2025-10-18T04:09:55.2750556Z                     "description" : "A soft limit (in MB) on the size of the TRAP cache",
2025-10-18T04:09:55.2750871Z                     "type" : "string",
2025-10-18T04:09:55.2751100Z                     "pattern" : "[0-9]+"
2025-10-18T04:09:55.2751311Z                   },
2025-10-18T04:09:55.2751495Z                   "write" : {
2025-10-18T04:09:55.2751714Z                     "title" : "TRAP cache writeable",
2025-10-18T04:09:55.2752058Z                     "description" : "Whether to write to the TRAP cache as well as reading it",
2025-10-18T04:09:55.2752520Z                     "type" : "string",
2025-10-18T04:09:55.2752751Z                     "pattern" : "(true|TRUE|false|FALSE)"
2025-10-18T04:09:55.2752984Z                   }
2025-10-18T04:09:55.2753141Z                 }
2025-10-18T04:09:55.2753302Z               }
2025-10-18T04:09:55.2753454Z             }
2025-10-18T04:09:55.2753616Z           },
2025-10-18T04:09:55.2770538Z           "scale_timeouts" : {
2025-10-18T04:09:55.2770865Z             "title" : "Value to scale compiler introspection timeouts with",
2025-10-18T04:09:55.2772417Z             "description" : "The extractor attempts to determine what compiler the source code being extracted is compiled with. To this end the extractor makes additional calls to the compiler, some of which are expected to return within a certain fixed time (either 10s or 15s). On some systems that are under high load this time might be too short, and can be scaled up using this option.\n",
2025-10-18T04:09:55.2773658Z             "type" : "string",
2025-10-18T04:09:55.2773877Z             "pattern" : "[0-9]+"
2025-10-18T04:09:55.2774090Z           },
2025-10-18T04:09:55.2774262Z           "log_verbosity" : {
2025-10-18T04:09:55.2774737Z             "title" : "Verbosity of the extractor logging",
2025-10-18T04:09:55.2775279Z             "description" : "Set the verbosity of the extractor logging to 'quiet' (0), 'normal' (1), 'chatty' (2), or 'noisy' (3). The default is 'normal'.\n",
2025-10-18T04:09:55.2775766Z             "type" : "string",
2025-10-18T04:09:55.2775975Z             "pattern" : "[0-3]"
2025-10-18T04:09:55.2776166Z           },
2025-10-18T04:09:55.2776337Z           "frontend_options" : {
2025-10-18T04:09:55.2776571Z             "title" : "C/C++ extractor frontend options",
2025-10-18T04:09:55.2777017Z             "description" : "Set additional options that should be passed to the C/C++ extractor frontend.\n",
2025-10-18T04:09:55.2777425Z             "type" : "array",
2025-10-18T04:09:55.2777628Z             "visibility" : 3
2025-10-18T04:09:55.2777868Z           }
2025-10-18T04:09:55.2778109Z         }
2025-10-18T04:09:55.2778267Z       }
2025-10-18T04:09:55.2778410Z     ]
2025-10-18T04:09:55.2778554Z   }
2025-10-18T04:09:55.2778692Z }
2025-10-18T04:09:55.2863891Z python does not support TRAP caching (missing option group)
2025-10-18T04:09:55.2864603Z Found 0 languages that support TRAP caching
2025-10-18T04:09:55.2870705Z Using overlay database mode: none without caching.
2025-10-18T04:09:55.2873119Z Not performing diff-informed analysis because we are not analyzing a pull request.
2025-10-18T04:09:55.2873875Z ##[endgroup]
2025-10-18T04:09:55.2887501Z While resolving threads, found a cgroup CPUs file with 4 CPUs in /sys/fs/cgroup/cpuset.cpus.effective.
2025-10-18T04:09:55.2893796Z Skipping download of dependency cache for python as we have no caching configuration for it.
2025-10-18T04:09:55.2905251Z Writing augmented user configuration file to /home/runner/work/_temp/user-config.yaml
2025-10-18T04:09:55.2906098Z ##[group]Augmented user configuration file contents
2025-10-18T04:09:55.2917332Z default-setup:
2025-10-18T04:09:55.2917616Z   org:
2025-10-18T04:09:55.2917874Z     model-packs: []
2025-10-18T04:09:55.2918172Z threat-models: []
2025-10-18T04:09:55.2918283Z 
2025-10-18T04:09:55.2918524Z ##[endgroup]
2025-10-18T04:09:55.2922081Z [command]/opt/hostedtoolcache/CodeQL/2.23.2/x64/codeql/codeql database init --force-overwrite --db-cluster /home/runner/work/_temp/codeql_databases --source-root=/home/runner/work/Justice-Companion/Justice-Companion --calculate-language-specific-baseline --extractor-include-aliases --sublanguage-file-coverage --language=python --codescanning-config=/home/runner/work/_temp/user-config.yaml --build-mode=none
2025-10-18T04:09:56.8437126Z Package install location: /home/runner/.codeql/packages
2025-10-18T04:09:56.8441613Z Nothing downloaded.
2025-10-18T04:09:59.5055623Z Calculating baseline information in /home/runner/work/Justice-Companion/Justice-Companion
2025-10-18T04:10:00.0560043Z Running command in /home/runner/work/Justice-Companion/Justice-Companion: [/opt/hostedtoolcache/CodeQL/2.23.2/x64/codeql/javascript/tools/configure-baseline.sh]
2025-10-18T04:10:00.1674266Z Running command in /home/runner/work/Justice-Companion/Justice-Companion: [/opt/hostedtoolcache/CodeQL/2.23.2/x64/codeql/actions/tools/configure-baseline.sh]
2025-10-18T04:10:00.1861760Z Calculated baseline information for languages: actions, javascript, python, typescript (679ms).
2025-10-18T04:10:03.6062169Z Resolving extractor python.
2025-10-18T04:10:03.6107415Z Successfully loaded extractor Python (python) from /opt/hostedtoolcache/CodeQL/2.23.2/x64/codeql/python.
2025-10-18T04:10:03.6727734Z Created skeleton CodeQL database at /home/runner/work/_temp/codeql_databases/python. This in-progress database is ready to be populated by an extractor.
2025-10-18T04:10:04.0065681Z ##[group]Run github/codeql-action/start-proxy@v3
2025-10-18T04:10:04.0065999Z with:
2025-10-18T04:10:04.0066223Z   language: python
2025-10-18T04:10:04.0066522Z   registry_secrets: []
2025-10-18T04:10:04.0066833Z   token: ***
2025-10-18T04:10:04.0067233Z   matrix: {
  "language": "python",
  "category": "/language:python",
  "build-mode": "none",
  "runner": "[\"ubuntu-latest\"]"
}
2025-10-18T04:10:04.0067662Z env:
2025-10-18T04:10:04.0067838Z   CODE_SCANNING_REF: refs/heads/main
2025-10-18T04:10:04.0068077Z   CODE_SCANNING_BASE_BRANCH: 
2025-10-18T04:10:04.0068319Z   CODE_SCANNING_IS_ANALYZING_DEFAULT_BRANCH: true
2025-10-18T04:10:04.0068618Z   CODE_SCANNING_IS_STEADY_STATE_DEFAULT_SETUP: true
2025-10-18T04:10:04.0074670Z   CODE_SCANNING_WORKFLOW_FILE: H4sIAAAAAAAA/6xV32/bNhB+919x8AakfZDzsD0JKFDFkRNvhp1aCrqsKAiaOslsZFLlD6dql/99oCjF0hrPGVY/WcfvPt7dd3cUdIchjKcyw3eL8UhZEXjTz9++QcHN1m4muEdhJlxU1ugJkxkSzagQXBREWUEcHh4fR1KEkNWC7jgbjVDswxHAdHUZk2QaLZfz5RVZx7MXE2PuOP/JcBElMblYR8vp9UuZNlQj2Sgq2PY5xnlComW0uPvTfVzGs+h2kf7HG7gmVNCy/uo+MsypLc2/35ikcXR5R5I0SuOnS5M4vb0JwSiL3/m8X61/ny1W78lsvohfGteDVPd5KR9IzstGodEnudFOFh8uur8AXu/Im+CV495Ro/iXSUlFYWnhfF83UGWFDpzODpQrufstWS1ftWhlhUD12qcMUKHaca25FNrfA0CZaT5BIc1aG5PCoDBDY0XZPS1waNTIrOKmDpqUdQgPihscdSRcWAykCFApqULIaan9oTaKGizqLoqc8jLIqTZ9ELQ5dyAALlhpMzwYAALoKhJ2ufROAZi7R6o6hPMn4HO4jeVlFuxkhiEIKXBw6MsYwtmHsd1YYWxQUoPajD+eHQnlE91TzRSvTGDqCv3fk4Gd9vrBYVa12UpxMq5nYP8rEG2wajswaHt9ukV2L60BhZXU3EhVt5RWu6ZrNTtnLe7t/tfRgGAuuOG05F8R/OYcuPvJPHfD+LkMPNk5F9y83f/SAh+42R46qxlHzXVwz0WmQ3CeQTfGT6iuQtqP3/czOnquXj3owdwHZ1ihyFCwOmCUbbkovJOv6wTFnispdigMvHkDZz65YCu1weysT/TZouIuuvEYfoJLvwcbaw3adqMKflxzXoTwV0/Idm8GGo2twoHCUhVDA4BLogzcmtAhfHjhPvSCkMYLHh/hY4/UbBVS0xSnbCjb007xxIUFlZJfasilAoUF18bl25LwLPTHp1tBG6pM0ICPdcSBnjCFGQrXbq3wGplCoydX8/T69oKs46t5kq7ncUJu1qs/7vqSHIbvSMcM2/oGVS7Vru1p/yRork9n1L4nh2za59//3FP2buGjI9erJG3zcIM5acowkdY0gjVfxDVXP40Bwc1qfZKgkuo4wTQi03idzmfzaZTGp6gYJQyV4Tl3y+oo6e16kZyisqrUB4Kh4IdN2FOqMzqnvwMAAP//uU2fwqkJAAA=
2025-10-18T04:10:04.0080684Z   CODEQL_ACTION_FEATURE_MULTI_LANGUAGE: false
2025-10-18T04:10:04.0080950Z   CODEQL_ACTION_FEATURE_SANDWICH: false
2025-10-18T04:10:04.0081203Z   CODEQL_ACTION_FEATURE_SARIF_COMBINE: true
2025-10-18T04:10:04.0081465Z   CODEQL_ACTION_FEATURE_WILL_UPLOAD: true
2025-10-18T04:10:04.0081714Z   CODEQL_ACTION_VERSION: 3.30.9
2025-10-18T04:10:04.0081970Z   JOB_RUN_UUID: c72a455f-7a5f-4f5f-b473-eb571988c309
2025-10-18T04:10:04.0082240Z   CODEQL_ACTION_INIT_HAS_RUN: true
2025-10-18T04:10:04.0082567Z   CODEQL_ACTION_ANALYSIS_KEY: dynamic/github-code-scanning/codeql:analyze
2025-10-18T04:10:04.0082952Z   CODEQL_WORKFLOW_STARTED_AT: 2025-10-18T04:09:47.975Z
2025-10-18T04:10:04.0083219Z   CODEQL_RAM: 14581
2025-10-18T04:10:04.0083398Z   CODEQL_THREADS: 4
2025-10-18T04:10:04.0083570Z ##[endgroup]
2025-10-18T04:10:04.1534019Z Using registry_secrets input.
2025-10-18T04:10:04.1535310Z No credentials found, skipping proxy setup.
2025-10-18T04:10:04.1688624Z ##[group]Run github/codeql-action/analyze@v3
2025-10-18T04:10:04.1688898Z with:
2025-10-18T04:10:04.1689082Z   category: /language:python
2025-10-18T04:10:04.1689294Z   output: ../results
2025-10-18T04:10:04.1689478Z   upload: always
2025-10-18T04:10:04.1689826Z   add-snippets: false
2025-10-18T04:10:04.1690023Z   skip-queries: false
2025-10-18T04:10:04.1690313Z   checkout_path: /home/runner/work/Justice-Companion/Justice-Companion
2025-10-18T04:10:04.1690647Z   upload-database: true
2025-10-18T04:10:04.1690858Z   wait-for-processing: true
2025-10-18T04:10:04.1691181Z   token: ***
2025-10-18T04:10:04.1691579Z   matrix: {
  "language": "python",
  "category": "/language:python",
  "build-mode": "none",
  "runner": "[\"ubuntu-latest\"]"
}
2025-10-18T04:10:04.1692024Z   expect-error: false
2025-10-18T04:10:04.1692216Z env:
2025-10-18T04:10:04.1692386Z   CODE_SCANNING_REF: refs/heads/main
2025-10-18T04:10:04.1692618Z   CODE_SCANNING_BASE_BRANCH: 
2025-10-18T04:10:04.1692887Z   CODE_SCANNING_IS_ANALYZING_DEFAULT_BRANCH: true
2025-10-18T04:10:04.1693180Z   CODE_SCANNING_IS_STEADY_STATE_DEFAULT_SETUP: true
2025-10-18T04:10:04.1699264Z   CODE_SCANNING_WORKFLOW_FILE: H4sIAAAAAAAA/6xV32/bNhB+919x8AakfZDzsD0JKFDFkRNvhp1aCrqsKAiaOslsZFLlD6dql/99oCjF0hrPGVY/WcfvPt7dd3cUdIchjKcyw3eL8UhZEXjTz9++QcHN1m4muEdhJlxU1ugJkxkSzagQXBREWUEcHh4fR1KEkNWC7jgbjVDswxHAdHUZk2QaLZfz5RVZx7MXE2PuOP/JcBElMblYR8vp9UuZNlQj2Sgq2PY5xnlComW0uPvTfVzGs+h2kf7HG7gmVNCy/uo+MsypLc2/35ikcXR5R5I0SuOnS5M4vb0JwSiL3/m8X61/ny1W78lsvohfGteDVPd5KR9IzstGodEnudFOFh8uur8AXu/Im+CV495Ro/iXSUlFYWnhfF83UGWFDpzODpQrufstWS1ftWhlhUD12qcMUKHaca25FNrfA0CZaT5BIc1aG5PCoDBDY0XZPS1waNTIrOKmDpqUdQgPihscdSRcWAykCFApqULIaan9oTaKGizqLoqc8jLIqTZ9ELQ5dyAALlhpMzwYAALoKhJ2ufROAZi7R6o6hPMn4HO4jeVlFuxkhiEIKXBw6MsYwtmHsd1YYWxQUoPajD+eHQnlE91TzRSvTGDqCv3fk4Gd9vrBYVa12UpxMq5nYP8rEG2wajswaHt9ukV2L60BhZXU3EhVt5RWu6ZrNTtnLe7t/tfRgGAuuOG05F8R/OYcuPvJPHfD+LkMPNk5F9y83f/SAh+42R46qxlHzXVwz0WmQ3CeQTfGT6iuQtqP3/czOnquXj3owdwHZ1ihyFCwOmCUbbkovJOv6wTFnispdigMvHkDZz65YCu1weysT/TZouIuuvEYfoJLvwcbaw3adqMKflxzXoTwV0/Idm8GGo2twoHCUhVDA4BLogzcmtAhfHjhPvSCkMYLHh/hY4/UbBVS0xSnbCjb007xxIUFlZJfasilAoUF18bl25LwLPTHp1tBG6pM0ICPdcSBnjCFGQrXbq3wGplCoydX8/T69oKs46t5kq7ncUJu1qs/7vqSHIbvSMcM2/oGVS7Vru1p/yRork9n1L4nh2za59//3FP2buGjI9erJG3zcIM5acowkdY0gjVfxDVXP40Bwc1qfZKgkuo4wTQi03idzmfzaZTGp6gYJQyV4Tl3y+oo6e16kZyisqrUB4Kh4IdN2FOqMzqnvwMAAP//uU2fwqkJAAA=
2025-10-18T04:10:04.1705706Z   CODEQL_ACTION_FEATURE_MULTI_LANGUAGE: false
2025-10-18T04:10:04.1705977Z   CODEQL_ACTION_FEATURE_SANDWICH: false
2025-10-18T04:10:04.1706224Z   CODEQL_ACTION_FEATURE_SARIF_COMBINE: true
2025-10-18T04:10:04.1706482Z   CODEQL_ACTION_FEATURE_WILL_UPLOAD: true
2025-10-18T04:10:04.1706732Z   CODEQL_ACTION_VERSION: 3.30.9
2025-10-18T04:10:04.1706983Z   JOB_RUN_UUID: c72a455f-7a5f-4f5f-b473-eb571988c309
2025-10-18T04:10:04.1707250Z   CODEQL_ACTION_INIT_HAS_RUN: true
2025-10-18T04:10:04.1707570Z   CODEQL_ACTION_ANALYSIS_KEY: dynamic/github-code-scanning/codeql:analyze
2025-10-18T04:10:04.1707945Z   CODEQL_WORKFLOW_STARTED_AT: 2025-10-18T04:09:47.975Z
2025-10-18T04:10:04.1708199Z   CODEQL_RAM: 14581
2025-10-18T04:10:04.1708374Z   CODEQL_THREADS: 4
2025-10-18T04:10:04.1708545Z   CODEQL_PROXY_HOST: 
2025-10-18T04:10:04.1708729Z   CODEQL_PROXY_PORT: 
2025-10-18T04:10:04.1708914Z   CODEQL_PROXY_CA_CERTIFICATE: 
2025-10-18T04:10:04.1709125Z   CODEQL_PROXY_URLS: 
2025-10-18T04:10:04.1709299Z ##[endgroup]
2025-10-18T04:10:05.3249305Z While resolving threads, found a cgroup CPUs file with 4 CPUs in /sys/fs/cgroup/cpuset.cpus.effective.
2025-10-18T04:10:05.3287428Z Not performing diff-informed analysis because we are not analyzing a pull request.
2025-10-18T04:10:05.3378392Z ##[group]Extracting python
2025-10-18T04:10:05.3382313Z [command]/opt/hostedtoolcache/CodeQL/2.23.2/x64/codeql/codeql database trace-command --use-build-mode --working-dir /home/runner/work/Justice-Companion/Justice-Companion /home/runner/work/_temp/codeql_databases/python
2025-10-18T04:10:06.1515380Z Running command in /home/runner/work/Justice-Companion/Justice-Companion: [/opt/hostedtoolcache/CodeQL/2.23.2/x64/codeql/python/tools/autobuild.sh]
2025-10-18T04:10:06.2799121Z [2025-10-18 04:10:06] [build-stderr] /bin/sh: 1: python2: not found
2025-10-18T04:10:06.4806250Z [2025-10-18 04:10:06] [build-stdout] No directories containing root identifiers were found. Returning working directory as root.
2025-10-18T04:10:06.4808380Z [2025-10-18 04:10:06] [build-stdout] Will try to guess Python version, as it was not specified in `lgtm.yml`
2025-10-18T04:10:06.4816453Z [2025-10-18 04:10:06] [build-stdout] Trying to guess Python version based on Trove classifiers in setup.py
2025-10-18T04:10:06.4817874Z [2025-10-18 04:10:06] [build-stdout] Did not find setup.py (expected it to be at /home/runner/work/Justice-Companion/Justice-Companion/setup.py)
2025-10-18T04:10:06.4818986Z [2025-10-18 04:10:06] [build-stdout] Trying to guess Python version based on travis file
2025-10-18T04:10:06.4820533Z [2025-10-18 04:10:06] [build-stdout] Did not find any travis files (expected them at either ['/home/runner/work/Justice-Companion/Justice-Companion/.travis.yml', '/home/runner/work/Justice-Companion/Justice-Companion/travis.yml'])
2025-10-18T04:10:06.4822169Z [2025-10-18 04:10:06] [build-stdout] Trying to guess Python version based on installed versions
2025-10-18T04:10:06.4823119Z [2025-10-18 04:10:06] [build-stdout] Wanted to run Python 2, but it is not available. Using Python 3 instead
2025-10-18T04:10:06.4824137Z [2025-10-18 04:10:06] [build-stdout] This script is running Python 3, but Python 2 is also available (as 'python3')
2025-10-18T04:10:06.4825337Z [2025-10-18 04:10:06] [build-stdout] Could not guess Python version, will use default: Python 3
2025-10-18T04:10:06.4826506Z [2025-10-18 04:10:06] [build-stdout] Calling python3 -S /opt/hostedtoolcache/CodeQL/2.23.2/x64/codeql/python/tools/python_tracer.py --verbosity 3 -z all -c /home/runner/work/_temp/codeql_databases/python/working/trap_cache -R /home/runner/work/Justice-Companion/Justice-Companion
2025-10-18T04:10:06.9465234Z [2025-10-18 04:10:06] [build-stdout] INFO: The Python extractor has recently stopped extracting the standard library by default. If you encounter problems, please let us know by submitting an issue to https://github.com/github/codeql. It is possible to re-enable extraction of the standard library by setting the environment variable CODEQL_EXTRACTOR_PYTHON_EXTRACT_STDLIB.
2025-10-18T04:10:06.9476069Z [2025-10-18 04:10:06] [build-stdout] [INFO] Extraction will use the Python 3 standard library.
2025-10-18T04:10:06.9487020Z [2025-10-18 04:10:06] [build-stdout] [INFO] sys_path is: ['/opt/hostedtoolcache/CodeQL/2.23.2/x64/codeql/python/tools', '/usr/lib/python312.zip', '/usr/lib/python3.12', '/usr/lib/python3.12/lib-dynload']
2025-10-18T04:10:06.9492017Z [2025-10-18 04:10:06] [build-stdout] [INFO] Python version 3.12.3
2025-10-18T04:10:06.9493245Z [2025-10-18 04:10:06] [build-stdout] [INFO] Python extractor version 7.1.4
2025-10-18T04:10:07.2380744Z [2025-10-18 04:10:07] [build-stdout] [INFO] [4] Extracted file /home/runner/work/Justice-Companion/Justice-Companion/scripts/automation/phase-3-validation/update_handlers.py in 34ms
2025-10-18T04:10:07.2608262Z [2025-10-18 04:10:07] [build-stdout] [INFO] [2] Extracted file /home/runner/work/Justice-Companion/Justice-Companion/scripts/automation/phase-3-validation/bulk_update_handlers.py in 53ms
2025-10-18T04:10:07.2722200Z [2025-10-18 04:10:07] [build-stdout] [INFO] [3] Extracted file /home/runner/work/Justice-Companion/Justice-Companion/scripts/automation/phase-3-validation/generate_updates.py in 73ms
2025-10-18T04:10:07.2725784Z [2025-10-18 04:10:07] [build-stdout] [INFO] [3] Extracted folder /home/runner/work/Justice-Companion/Justice-Companion/scripts/automation/phase-3-validation in 0ms
2025-10-18T04:10:07.2727667Z [2025-10-18 04:10:07] [build-stdout] [INFO] [3] Extracted folder /home/runner/work/Justice-Companion/Justice-Companion/scripts/automation in 1ms
2025-10-18T04:10:07.2765694Z [2025-10-18 04:10:07] [build-stdout] [INFO] [3] Extracted folder /home/runner/work/Justice-Companion/Justice-Companion/scripts in 0ms
2025-10-18T04:10:07.2771942Z [2025-10-18 04:10:07] [build-stdout] [INFO] [3] Skipped built-in file /usr/lib/python3.12/json/__init__.py
2025-10-18T04:10:07.2772905Z [2025-10-18 04:10:07] [build-stdout] [INFO] [3] Extracted folder /usr/lib/python3.12/json in 0ms
2025-10-18T04:10:07.3028209Z [2025-10-18 04:10:07] [build-stdout] [INFO] [4] Extracted file /home/runner/work/Justice-Companion/Justice-Companion/scripts/automation/phase-3-validation/batch_update_handlers.py in 68ms
2025-10-18T04:10:07.3038970Z [2025-10-18 04:10:07] [build-stdout] [INFO] [4] Extracted folder /usr/lib/python3.12/re in 1ms
2025-10-18T04:10:07.3045354Z [2025-10-18 04:10:07] [build-stdout] [INFO] [3] Skipped built-in file /usr/lib/python3.12/re/__init__.py
2025-10-18T04:10:07.3100448Z [2025-10-18 04:10:07] [build-stdout] [INFO] [1] Extracted file /home/runner/work/Justice-Companion/Justice-Companion/scripts/automation/phase-3-validation/final_update_all_handlers.py in 113ms
2025-10-18T04:10:07.3104168Z [2025-10-18 04:10:07] [build-stdout] [INFO] [3] Extracted module sys in 0ms
2025-10-18T04:10:07.3463128Z [2025-10-18 04:10:07] [build-stdout] [INFO] [2] Extracted file /home/runner/work/Justice-Companion/Justice-Companion/scripts/automation/phase-3-validation/apply_validation_updates.py in 95ms
2025-10-18T04:10:07.3935238Z [2025-10-18 04:10:07] [build-stdout] [INFO] Processed 14 modules in 0.44s
2025-10-18T04:10:07.4374020Z ##[endgroup]
2025-10-18T04:10:07.4381408Z ##[group]Finalizing python
2025-10-18T04:10:07.4383095Z [command]/opt/hostedtoolcache/CodeQL/2.23.2/x64/codeql/codeql database finalize --finalize-dataset --threads=4 --ram=14581 /home/runner/work/_temp/codeql_databases/python
2025-10-18T04:10:08.2388251Z Running pre-finalize script /opt/hostedtoolcache/CodeQL/2.23.2/x64/codeql/python/tools/pre-finalize.sh in /home/runner/work/Justice-Companion/Justice-Companion.
2025-10-18T04:10:08.3171342Z Running command in /home/runner/work/Justice-Companion/Justice-Companion: [/opt/hostedtoolcache/CodeQL/2.23.2/x64/codeql/python/tools/pre-finalize.sh]
2025-10-18T04:10:09.0665448Z [2025-10-18 04:10:09] [build-stderr] Scanning for files in /home/runner/work/Justice-Companion/Justice-Companion...
2025-10-18T04:10:09.4971141Z [2025-10-18 04:10:09] [build-stderr] /home/runner/work/_temp/codeql_databases/python: Indexing files in in /home/runner/work/Justice-Companion/Justice-Companion...
2025-10-18T04:10:09.5304554Z [2025-10-18 04:10:09] [build-stderr] Running command in /home/runner/work/Justice-Companion/Justice-Companion: [/opt/hostedtoolcache/CodeQL/2.23.2/x64/codeql/yaml/tools/index-files.sh, /home/runner/work/_temp/codeql_databases/python/working/files-to-index9795976259423562363.list]
2025-10-18T04:10:10.9266528Z Pre-finalize script /opt/hostedtoolcache/CodeQL/2.23.2/x64/codeql/python/tools/pre-finalize.sh completed in 2687 ms.
2025-10-18T04:10:10.9389208Z Running TRAP import for CodeQL database at /home/runner/work/_temp/codeql_databases/python...
2025-10-18T04:10:12.0924264Z Importing TRAP files
2025-10-18T04:10:13.2939438Z Merging relations
2025-10-18T04:10:13.6376323Z Finished writing database (relations: 436.36 KiB; string pool: 2.41 MiB).
2025-10-18T04:10:13.6730248Z TRAP import complete (2.7s).
2025-10-18T04:10:13.9430889Z Finished zipping source archive (131.96 KiB).
2025-10-18T04:10:13.9768448Z ##[endgroup]
2025-10-18T04:10:13.9773779Z ##[group]Running queries for python
2025-10-18T04:10:13.9776033Z [command]/opt/hostedtoolcache/CodeQL/2.23.2/x64/codeql/codeql database run-queries --ram=14581 --threads=4 --expect-discarded-cache /home/runner/work/_temp/codeql_databases/python --min-disk-free=1024 -v
2025-10-18T04:10:14.7365663Z Writing logs to /home/runner/work/_temp/codeql_databases/python/log/database-run-queries-20251018.041014.733.log.
2025-10-18T04:10:14.7875412Z Stringpool size measured as 2523546
2025-10-18T04:10:15.4013340Z Writing logs to /home/runner/work/_temp/codeql_databases/python/log/execute-queries-20251018.041015.396.log.
2025-10-18T04:10:15.7434170Z Recording pack reference codeql/python-queries at /opt/hostedtoolcache/CodeQL/2.23.2/x64/codeql/qlpacks/codeql/python-queries/1.6.6.
2025-10-18T04:10:18.0630107Z Compiling in 3 threads due to RAM limits.
2025-10-18T04:10:19.0936464Z [1/43] Loaded /opt/hostedtoolcache/CodeQL/2.23.2/x64/codeql/qlpacks/codeql/python-queries/1.6.6/Expressions/UseofInput.qlx.
2025-10-18T04:10:19.0941464Z [2/43] Loaded /opt/hostedtoolcache/CodeQL/2.23.2/x64/codeql/qlpacks/codeql/python-queries/1.6.6/Security/CWE-377/InsecureTemporaryFile.qlx.
2025-10-18T04:10:19.0948871Z [3/43] Loaded /opt/hostedtoolcache/CodeQL/2.23.2/x64/codeql/qlpacks/codeql/python-queries/1.6.6/Security/CVE-2018-1281/BindToAllInterfaces.qlx.
2025-10-18T04:10:19.6759402Z [4/43] Loaded /opt/hostedtoolcache/CodeQL/2.23.2/x64/codeql/qlpacks/codeql/python-queries/1.6.6/Security/CWE-312/CleartextStorage.qlx.
2025-10-18T04:10:19.8067618Z [5/43] Loaded /opt/hostedtoolcache/CodeQL/2.23.2/x64/codeql/qlpacks/codeql/python-queries/1.6.6/Security/CWE-285/PamAuthorization.qlx.
2025-10-18T04:10:19.8241419Z [6/43] Loaded /opt/hostedtoolcache/CodeQL/2.23.2/x64/codeql/qlpacks/codeql/python-queries/1.6.6/Security/CWE-943/NoSqlInjection.qlx.
2025-10-18T04:10:19.8964124Z [7/43] Loaded /opt/hostedtoolcache/CodeQL/2.23.2/x64/codeql/qlpacks/codeql/python-queries/1.6.6/Security/CWE-312/CleartextLogging.qlx.
2025-10-18T04:10:19.9004734Z [8/43] Loaded /opt/hostedtoolcache/CodeQL/2.23.2/x64/codeql/qlpacks/codeql/python-queries/1.6.6/Security/CWE-215/FlaskDebug.qlx.
2025-10-18T04:10:20.0994310Z [9/43] Loaded /opt/hostedtoolcache/CodeQL/2.23.2/x64/codeql/qlpacks/codeql/python-queries/1.6.6/Security/CWE-113/HeaderInjection.qlx.
2025-10-18T04:10:20.1138021Z [10/43] Loaded /opt/hostedtoolcache/CodeQL/2.23.2/x64/codeql/qlpacks/codeql/python-queries/1.6.6/Security/CWE-079/ReflectedXss.qlx.
2025-10-18T04:10:20.1570935Z [11/43] Loaded /opt/hostedtoolcache/CodeQL/2.23.2/x64/codeql/qlpacks/codeql/python-queries/1.6.6/Security/CWE-502/UnsafeDeserialization.qlx.
2025-10-18T04:10:20.2856526Z [12/43] Loaded /opt/hostedtoolcache/CodeQL/2.23.2/x64/codeql/qlpacks/codeql/python-queries/1.6.6/Security/CWE-614/InsecureCookie.qlx.
2025-10-18T04:10:20.3835479Z [13/43] Loaded /opt/hostedtoolcache/CodeQL/2.23.2/x64/codeql/qlpacks/codeql/python-queries/1.6.6/Security/CWE-089/SqlInjection.qlx.
2025-10-18T04:10:20.4640661Z [14/43] Loaded /opt/hostedtoolcache/CodeQL/2.23.2/x64/codeql/qlpacks/codeql/python-queries/1.6.6/Security/CWE-090/LdapInjection.qlx.
2025-10-18T04:10:20.6056412Z [15/43] Loaded /opt/hostedtoolcache/CodeQL/2.23.2/x64/codeql/qlpacks/codeql/python-queries/1.6.6/Security/CWE-730/RegexInjection.qlx.
2025-10-18T04:10:20.6196224Z [16/43] Loaded /opt/hostedtoolcache/CodeQL/2.23.2/x64/codeql/qlpacks/codeql/python-queries/1.6.6/Security/CWE-730/ReDoS.qlx.
2025-10-18T04:10:20.7203816Z [17/43] Loaded /opt/hostedtoolcache/CodeQL/2.23.2/x64/codeql/qlpacks/codeql/python-queries/1.6.6/Security/CWE-730/PolynomialReDoS.qlx.
2025-10-18T04:10:20.8056424Z [18/43] Loaded /opt/hostedtoolcache/CodeQL/2.23.2/x64/codeql/qlpacks/codeql/python-queries/1.6.6/Security/CWE-643/XpathInjection.qlx.
2025-10-18T04:10:20.8513224Z [19/43] Loaded /opt/hostedtoolcache/CodeQL/2.23.2/x64/codeql/qlpacks/codeql/python-queries/1.6.6/Security/CWE-611/Xxe.qlx.
2025-10-18T04:10:20.8921744Z [20/43] Loaded /opt/hostedtoolcache/CodeQL/2.23.2/x64/codeql/qlpacks/codeql/python-queries/1.6.6/Security/CWE-020/OverlyLargeRange.qlx.
2025-10-18T04:10:20.9129543Z [21/43] Loaded /opt/hostedtoolcache/CodeQL/2.23.2/x64/codeql/qlpacks/codeql/python-queries/1.6.6/Security/CWE-022/PathInjection.qlx.
2025-10-18T04:10:20.9999010Z [22/43] Loaded /opt/hostedtoolcache/CodeQL/2.23.2/x64/codeql/qlpacks/codeql/python-queries/1.6.6/Security/CWE-020/IncompleteUrlSubstringSanitization.qlx.
2025-10-18T04:10:21.0112644Z [23/43] Loaded /opt/hostedtoolcache/CodeQL/2.23.2/x64/codeql/qlpacks/codeql/python-queries/1.6.6/Security/CWE-020/IncompleteHostnameRegExp.qlx.
2025-10-18T04:10:21.1245683Z [24/43] Loaded /opt/hostedtoolcache/CodeQL/2.23.2/x64/codeql/qlpacks/codeql/python-queries/1.6.6/Security/CWE-209/StackTraceExposure.qlx.
2025-10-18T04:10:21.1363210Z [25/43] Loaded /opt/hostedtoolcache/CodeQL/2.23.2/x64/codeql/qlpacks/codeql/python-queries/1.6.6/Security/CWE-020/CookieInjection.qlx.
2025-10-18T04:10:21.2434038Z [26/43] Loaded /opt/hostedtoolcache/CodeQL/2.23.2/x64/codeql/qlpacks/codeql/python-queries/1.6.6/Security/CWE-918/FullServerSideRequestForgery.qlx.
2025-10-18T04:10:21.3041944Z [27/43] Loaded /opt/hostedtoolcache/CodeQL/2.23.2/x64/codeql/qlpacks/codeql/python-queries/1.6.6/Security/CWE-295/MissingHostKeyValidation.qlx.
2025-10-18T04:10:21.3470284Z [28/43] Loaded /opt/hostedtoolcache/CodeQL/2.23.2/x64/codeql/qlpacks/codeql/python-queries/1.6.6/Security/CWE-776/XmlBomb.qlx.
2025-10-18T04:10:21.3550292Z [29/43] Loaded /opt/hostedtoolcache/CodeQL/2.23.2/x64/codeql/qlpacks/codeql/python-queries/1.6.6/Security/CWE-601/UrlRedirect.qlx.
2025-10-18T04:10:21.3692040Z [30/43] Loaded /opt/hostedtoolcache/CodeQL/2.23.2/x64/codeql/qlpacks/codeql/python-queries/1.6.6/Security/CWE-327/InsecureDefaultProtocol.qlx.
2025-10-18T04:10:21.4219060Z [31/43] Loaded /opt/hostedtoolcache/CodeQL/2.23.2/x64/codeql/qlpacks/codeql/python-queries/1.6.6/Security/CWE-327/BrokenCryptoAlgorithm.qlx.
2025-10-18T04:10:21.4790244Z [32/43] Loaded /opt/hostedtoolcache/CodeQL/2.23.2/x64/codeql/qlpacks/codeql/python-queries/1.6.6/Security/CWE-327/InsecureProtocol.qlx.
2025-10-18T04:10:21.5626471Z [33/43] Loaded /opt/hostedtoolcache/CodeQL/2.23.2/x64/codeql/qlpacks/codeql/python-queries/1.6.6/Security/CWE-327/WeakSensitiveDataHashing.qlx.
2025-10-18T04:10:21.5812248Z [34/43] Loaded /opt/hostedtoolcache/CodeQL/2.23.2/x64/codeql/qlpacks/codeql/python-queries/1.6.6/Security/CWE-352/CSRFProtectionDisabled.qlx.
2025-10-18T04:10:21.6083420Z [35/43] Loaded /opt/hostedtoolcache/CodeQL/2.23.2/x64/codeql/qlpacks/codeql/python-queries/1.6.6/Security/CWE-094/CodeInjection.qlx.
2025-10-18T04:10:21.7539022Z [36/43] Loaded /opt/hostedtoolcache/CodeQL/2.23.2/x64/codeql/qlpacks/codeql/python-queries/1.6.6/Security/CWE-116/BadTagFilter.qlx.
2025-10-18T04:10:21.7791790Z [37/43] Loaded /opt/hostedtoolcache/CodeQL/2.23.2/x64/codeql/qlpacks/codeql/python-queries/1.6.6/Security/CWE-074/TemplateInjection.qlx.
2025-10-18T04:10:21.7871359Z [38/43] Loaded /opt/hostedtoolcache/CodeQL/2.23.2/x64/codeql/qlpacks/codeql/python-queries/1.6.6/Security/CWE-078/CommandInjection.qlx.
2025-10-18T04:10:21.7938068Z [39/43] Loaded /opt/hostedtoolcache/CodeQL/2.23.2/x64/codeql/qlpacks/codeql/python-queries/1.6.6/Diagnostics/ExtractedFiles.qlx.
2025-10-18T04:10:21.8010401Z [40/43] Loaded /opt/hostedtoolcache/CodeQL/2.23.2/x64/codeql/qlpacks/codeql/python-queries/1.6.6/Diagnostics/ExtractionWarnings.qlx.
2025-10-18T04:10:21.8106244Z [41/43] Loaded /opt/hostedtoolcache/CodeQL/2.23.2/x64/codeql/qlpacks/codeql/python-queries/1.6.6/Summary/LinesOfCode.qlx.
2025-10-18T04:10:21.8257958Z [42/43] Loaded /opt/hostedtoolcache/CodeQL/2.23.2/x64/codeql/qlpacks/codeql/python-queries/1.6.6/Summary/LinesOfUserCode.qlx.
2025-10-18T04:10:21.8271604Z [43/43] Loaded /opt/hostedtoolcache/CodeQL/2.23.2/x64/codeql/qlpacks/codeql/python-queries/1.6.6/Security/CWE-326/WeakCryptoKey.qlx.
2025-10-18T04:10:22.2012330Z Starting evaluation of codeql/python-queries/Diagnostics/ExtractedFiles.ql.
2025-10-18T04:10:22.2019528Z Starting evaluation of codeql/python-queries/Diagnostics/ExtractionWarnings.ql.
2025-10-18T04:10:22.2020799Z Starting evaluation of codeql/python-queries/Expressions/UseofInput.ql.
2025-10-18T04:10:22.2037878Z Starting evaluation of codeql/python-queries/Security/CVE-2018-1281/BindToAllInterfaces.ql.
2025-10-18T04:10:22.2086013Z Starting evaluation of codeql/python-queries/Security/CWE-020/CookieInjection.ql.
2025-10-18T04:10:22.2088201Z Starting evaluation of codeql/python-queries/Security/CWE-020/IncompleteHostnameRegExp.ql.
2025-10-18T04:10:22.2096343Z Starting evaluation of codeql/python-queries/Security/CWE-020/IncompleteUrlSubstringSanitization.ql.
2025-10-18T04:10:22.4529013Z [1/43 eval 230ms] Evaluation done; writing results to codeql/python-queries/Diagnostics/ExtractionWarnings.bqrs.
2025-10-18T04:10:22.4655557Z [2/43 eval 263ms] Evaluation done; writing results to codeql/python-queries/Diagnostics/ExtractedFiles.bqrs.
2025-10-18T04:10:22.7269016Z [3/43 eval 515ms] Evaluation done; writing results to codeql/python-queries/Security/CWE-020/IncompleteUrlSubstringSanitization.bqrs.
2025-10-18T04:10:23.3386055Z Starting evaluation of codeql/python-queries/Security/CWE-020/OverlyLargeRange.ql.
2025-10-18T04:10:23.3436651Z Starting evaluation of codeql/python-queries/Security/CWE-022/PathInjection.ql.
2025-10-18T04:10:23.4098779Z Starting evaluation of codeql/python-queries/Security/CWE-074/TemplateInjection.ql.
2025-10-18T04:10:23.4591000Z Starting evaluation of codeql/python-queries/Security/CWE-078/CommandInjection.ql.
2025-10-18T04:10:23.4778990Z Starting evaluation of codeql/python-queries/Security/CWE-079/ReflectedXss.ql.
2025-10-18T04:10:23.5093828Z Starting evaluation of codeql/python-queries/Security/CWE-089/SqlInjection.ql.
2025-10-18T04:10:23.5257604Z Starting evaluation of codeql/python-queries/Security/CWE-090/LdapInjection.ql.
2025-10-18T04:10:23.5315404Z Starting evaluation of codeql/python-queries/Security/CWE-094/CodeInjection.ql.
2025-10-18T04:10:23.5548531Z Starting evaluation of codeql/python-queries/Security/CWE-113/HeaderInjection.ql.
2025-10-18T04:10:23.5779581Z Starting evaluation of codeql/python-queries/Security/CWE-116/BadTagFilter.ql.
2025-10-18T04:10:23.5822880Z Starting evaluation of codeql/python-queries/Security/CWE-209/StackTraceExposure.ql.
2025-10-18T04:10:23.6014765Z Starting evaluation of codeql/python-queries/Security/CWE-215/FlaskDebug.ql.
2025-10-18T04:10:23.6199296Z Starting evaluation of codeql/python-queries/Security/CWE-285/PamAuthorization.ql.
2025-10-18T04:10:23.6296557Z Starting evaluation of codeql/python-queries/Security/CWE-295/MissingHostKeyValidation.ql.
2025-10-18T04:10:23.6333118Z Starting evaluation of codeql/python-queries/Security/CWE-312/CleartextLogging.ql.
2025-10-18T04:10:23.8259866Z Starting evaluation of codeql/python-queries/Security/CWE-312/CleartextStorage.ql.
2025-10-18T04:10:23.8357398Z Starting evaluation of codeql/python-queries/Security/CWE-326/WeakCryptoKey.ql.
2025-10-18T04:10:23.8358938Z Starting evaluation of codeql/python-queries/Security/CWE-327/BrokenCryptoAlgorithm.ql.
2025-10-18T04:10:23.8366558Z Starting evaluation of codeql/python-queries/Security/CWE-327/InsecureDefaultProtocol.ql.
2025-10-18T04:10:23.8378832Z Starting evaluation of codeql/python-queries/Security/CWE-327/InsecureProtocol.ql.
2025-10-18T04:10:23.9688618Z Starting evaluation of codeql/python-queries/Security/CWE-327/WeakSensitiveDataHashing.ql.
2025-10-18T04:10:23.9693869Z Starting evaluation of codeql/python-queries/Security/CWE-352/CSRFProtectionDisabled.ql.
2025-10-18T04:10:23.9776062Z Starting evaluation of codeql/python-queries/Security/CWE-377/InsecureTemporaryFile.ql.
2025-10-18T04:10:23.9812869Z [4/43 eval 10ms] Evaluation done; writing results to codeql/python-queries/Security/CWE-352/CSRFProtectionDisabled.bqrs.
2025-10-18T04:10:23.9820068Z Starting evaluation of codeql/python-queries/Security/CWE-502/UnsafeDeserialization.ql.
2025-10-18T04:10:24.0431317Z Starting evaluation of codeql/python-queries/Security/CWE-601/UrlRedirect.ql.
2025-10-18T04:10:24.0735911Z Starting evaluation of codeql/python-queries/Security/CWE-611/Xxe.ql.
2025-10-18T04:10:24.0887998Z Starting evaluation of codeql/python-queries/Security/CWE-614/InsecureCookie.ql.
2025-10-18T04:10:24.0930250Z Starting evaluation of codeql/python-queries/Security/CWE-643/XpathInjection.ql.
2025-10-18T04:10:24.1056007Z Starting evaluation of codeql/python-queries/Security/CWE-730/PolynomialReDoS.ql.
2025-10-18T04:10:24.1351832Z Starting evaluation of codeql/python-queries/Security/CWE-730/ReDoS.ql.
2025-10-18T04:10:24.1396821Z Starting evaluation of codeql/python-queries/Security/CWE-730/RegexInjection.ql.
2025-10-18T04:10:24.1544620Z Starting evaluation of codeql/python-queries/Security/CWE-776/XmlBomb.ql.
2025-10-18T04:10:24.2551845Z [5/43 eval 654ms] Evaluation done; writing results to codeql/python-queries/Security/CWE-215/FlaskDebug.bqrs.
2025-10-18T04:10:24.2576754Z [6/43 eval 421ms] Evaluation done; writing results to codeql/python-queries/Security/CWE-327/InsecureDefaultProtocol.bqrs.
2025-10-18T04:10:24.2601126Z [7/43 eval 2.1s] Evaluation done; writing results to codeql/python-queries/Expressions/UseofInput.bqrs.
2025-10-18T04:10:24.2658115Z [8/43 eval 633ms] Evaluation done; writing results to codeql/python-queries/Security/CWE-295/MissingHostKeyValidation.bqrs.
2025-10-18T04:10:24.2664105Z [9/43 eval 2.1s] Evaluation done; writing results to codeql/python-queries/Security/CVE-2018-1281/BindToAllInterfaces.bqrs.
2025-10-18T04:10:24.4538679Z [10/43 eval 619ms] Evaluation done; writing results to codeql/python-queries/Security/CWE-326/WeakCryptoKey.bqrs.
2025-10-18T04:10:24.4609350Z [11/43 eval 627ms] Evaluation done; writing results to codeql/python-queries/Security/CWE-327/BrokenCryptoAlgorithm.bqrs.
2025-10-18T04:10:24.5210101Z [12/43 eval 551ms] Evaluation done; writing results to codeql/python-queries/Security/CWE-327/WeakSensitiveDataHashing.bqrs.
2025-10-18T04:10:24.5598216Z Starting evaluation of codeql/python-queries/Security/CWE-918/FullServerSideRequestForgery.ql.
2025-10-18T04:10:24.5779099Z Starting evaluation of codeql/python-queries/Security/CWE-943/NoSqlInjection.ql.
2025-10-18T04:10:24.5953281Z Starting evaluation of codeql/python-queries/Summary/LinesOfCode.ql.
2025-10-18T04:10:24.5997676Z Starting evaluation of codeql/python-queries/Summary/LinesOfUserCode.ql.
2025-10-18T04:10:24.6002934Z [13/43 eval 3ms] Evaluation done; writing results to codeql/python-queries/Summary/LinesOfCode.bqrs.
2025-10-18T04:10:24.6278193Z [14/43 eval 30ms] Evaluation done; writing results to codeql/python-queries/Summary/LinesOfUserCode.bqrs.
2025-10-18T04:10:24.9744350Z [15/43 eval 1.1s] Evaluation done; writing results to codeql/python-queries/Security/CWE-312/CleartextStorage.bqrs.
2025-10-18T04:10:25.0095584Z [16/43 eval 1.6s] Evaluation done; writing results to codeql/python-queries/Security/CWE-074/TemplateInjection.bqrs.
2025-10-18T04:10:25.0759230Z [17/43 eval 981ms] Evaluation done; writing results to codeql/python-queries/Security/CWE-643/XpathInjection.bqrs.
2025-10-18T04:10:25.1138873Z [18/43 eval 1.1s] Evaluation done; writing results to codeql/python-queries/Security/CWE-601/UrlRedirect.bqrs.
2025-10-18T04:10:25.1381353Z [19/43 eval 561ms] Evaluation done; writing results to codeql/python-queries/Security/CWE-943/NoSqlInjection.bqrs.
2025-10-18T04:10:25.2139555Z [20/43 eval 3s] Evaluation done; writing results to codeql/python-queries/Security/CWE-020/CookieInjection.bqrs.
2025-10-18T04:10:25.2605757Z [21/43 eval 3s] Evaluation done; writing results to codeql/python-queries/Security/CWE-020/IncompleteHostnameRegExp.bqrs.
2025-10-18T04:10:25.2607492Z [22/43 eval 1.9s] Evaluation done; writing results to codeql/python-queries/Security/CWE-020/OverlyLargeRange.bqrs.
2025-10-18T04:10:25.2782165Z [23/43 eval 1.7s] Evaluation done; writing results to codeql/python-queries/Security/CWE-094/CodeInjection.bqrs.
2025-10-18T04:10:25.3041163Z [24/43 eval 1.8s] Evaluation done; writing results to codeql/python-queries/Security/CWE-078/CommandInjection.bqrs.
2025-10-18T04:10:25.3098452Z [25/43 eval 1.2s] Evaluation done; writing results to codeql/python-queries/Security/CWE-611/Xxe.bqrs.
2025-10-18T04:10:25.3434880Z [26/43 eval 1.9s] Evaluation done; writing results to codeql/python-queries/Security/CWE-079/ReflectedXss.bqrs.
2025-10-18T04:10:25.3638043Z [27/43 eval 1.9s] Evaluation done; writing results to codeql/python-queries/Security/CWE-089/SqlInjection.bqrs.
2025-10-18T04:10:25.3858685Z [28/43 eval 1.8s] Evaluation done; writing results to codeql/python-queries/Security/CWE-113/HeaderInjection.bqrs.
2025-10-18T04:10:25.4175832Z [29/43 eval 1.8s] Evaluation done; writing results to codeql/python-queries/Security/CWE-285/PamAuthorization.bqrs.
2025-10-18T04:10:25.4327826Z [30/43 eval 1.8s] Evaluation done; writing results to codeql/python-queries/Security/CWE-209/StackTraceExposure.bqrs.
2025-10-18T04:10:25.4332890Z [31/43 eval 1.9s] Evaluation done; writing results to codeql/python-queries/Security/CWE-090/LdapInjection.bqrs.
2025-10-18T04:10:25.4411657Z [32/43 eval 2.1s] Evaluation done; writing results to codeql/python-queries/Security/CWE-022/PathInjection.bqrs.
2025-10-18T04:10:25.4833560Z [33/43 eval 1.8s] Evaluation done; writing results to codeql/python-queries/Security/CWE-312/CleartextLogging.bqrs.
2025-10-18T04:10:25.4960593Z [34/43 eval 1.5s] Evaluation done; writing results to codeql/python-queries/Security/CWE-377/InsecureTemporaryFile.bqrs.
2025-10-18T04:10:25.5211645Z [35/43 eval 1.5s] Evaluation done; writing results to codeql/python-queries/Security/CWE-502/UnsafeDeserialization.bqrs.
2025-10-18T04:10:25.5474106Z [36/43 eval 1.7s] Evaluation done; writing results to codeql/python-queries/Security/CWE-327/InsecureProtocol.bqrs.
2025-10-18T04:10:25.5547296Z [37/43 eval 1.5s] Evaluation done; writing results to codeql/python-queries/Security/CWE-614/InsecureCookie.bqrs.
2025-10-18T04:10:25.6058243Z [38/43 eval 1.5s] Evaluation done; writing results to codeql/python-queries/Security/CWE-730/PolynomialReDoS.bqrs.
2025-10-18T04:10:25.6445056Z [39/43 eval 1.5s] Evaluation done; writing results to codeql/python-queries/Security/CWE-776/XmlBomb.bqrs.
2025-10-18T04:10:25.6506650Z [40/43 eval 1.5s] Evaluation done; writing results to codeql/python-queries/Security/CWE-730/ReDoS.bqrs.
2025-10-18T04:10:25.6641269Z [41/43 eval 1.1s] Evaluation done; writing results to codeql/python-queries/Security/CWE-918/FullServerSideRequestForgery.bqrs.
2025-10-18T04:10:25.7222600Z [42/43 eval 1.6s] Evaluation done; writing results to codeql/python-queries/Security/CWE-730/RegexInjection.bqrs.
2025-10-18T04:10:25.7648647Z [43/43 eval 2.2s] Evaluation done; writing results to codeql/python-queries/Security/CWE-116/BadTagFilter.bqrs.
2025-10-18T04:10:25.7649501Z Shutting down query evaluator.
2025-10-18T04:10:25.8427487Z Interpreting code scanning results for python
2025-10-18T04:10:26.6099057Z Writing logs to /home/runner/work/_temp/codeql_databases/python/log/database-interpret-results-20251018.041026.606.log.
2025-10-18T04:10:26.7608280Z Recording pack reference codeql/python-queries at /opt/hostedtoolcache/CodeQL/2.23.2/x64/codeql/qlpacks/codeql/python-queries/1.6.6.
2025-10-18T04:10:26.7869070Z Resolving extensions
2025-10-18T04:10:28.1939593Z Interpreting /opt/hostedtoolcache/CodeQL/2.23.2/x64/codeql/qlpacks/codeql/python-queries/1.6.6/Expressions/UseofInput.ql...
2025-10-18T04:10:28.2168786Z  ... found results file at /home/runner/work/_temp/codeql_databases/python/results/codeql/python-queries/Expressions/UseofInput.bqrs.
2025-10-18T04:10:28.2333693Z Interpreting /opt/hostedtoolcache/CodeQL/2.23.2/x64/codeql/qlpacks/codeql/python-queries/1.6.6/Security/CVE-2018-1281/BindToAllInterfaces.ql...
2025-10-18T04:10:28.2484923Z  ... found results file at /home/runner/work/_temp/codeql_databases/python/results/codeql/python-queries/Security/CVE-2018-1281/BindToAllInterfaces.bqrs.
2025-10-18T04:10:28.2496370Z Interpreting /opt/hostedtoolcache/CodeQL/2.23.2/x64/codeql/qlpacks/codeql/python-queries/1.6.6/Security/CWE-377/InsecureTemporaryFile.ql...
2025-10-18T04:10:28.2613568Z  ... found results file at /home/runner/work/_temp/codeql_databases/python/results/codeql/python-queries/Security/CWE-377/InsecureTemporaryFile.bqrs.
2025-10-18T04:10:28.2622694Z Interpreting /opt/hostedtoolcache/CodeQL/2.23.2/x64/codeql/qlpacks/codeql/python-queries/1.6.6/Security/CWE-943/NoSqlInjection.ql...
2025-10-18T04:10:28.2732595Z  ... found results file at /home/runner/work/_temp/codeql_databases/python/results/codeql/python-queries/Security/CWE-943/NoSqlInjection.bqrs.
2025-10-18T04:10:28.2745966Z Interpreting /opt/hostedtoolcache/CodeQL/2.23.2/x64/codeql/qlpacks/codeql/python-queries/1.6.6/Security/CWE-285/PamAuthorization.ql...
2025-10-18T04:10:28.2842936Z  ... found results file at /home/runner/work/_temp/codeql_databases/python/results/codeql/python-queries/Security/CWE-285/PamAuthorization.bqrs.
2025-10-18T04:10:28.2851928Z Interpreting /opt/hostedtoolcache/CodeQL/2.23.2/x64/codeql/qlpacks/codeql/python-queries/1.6.6/Security/CWE-312/CleartextStorage.ql...
2025-10-18T04:10:28.2951759Z  ... found results file at /home/runner/work/_temp/codeql_databases/python/results/codeql/python-queries/Security/CWE-312/CleartextStorage.bqrs.
2025-10-18T04:10:28.2963485Z Interpreting /opt/hostedtoolcache/CodeQL/2.23.2/x64/codeql/qlpacks/codeql/python-queries/1.6.6/Security/CWE-312/CleartextLogging.ql...
2025-10-18T04:10:28.3042688Z  ... found results file at /home/runner/work/_temp/codeql_databases/python/results/codeql/python-queries/Security/CWE-312/CleartextLogging.bqrs.
2025-10-18T04:10:28.3048582Z Interpreting /opt/hostedtoolcache/CodeQL/2.23.2/x64/codeql/qlpacks/codeql/python-queries/1.6.6/Security/CWE-215/FlaskDebug.ql...
2025-10-18T04:10:28.3158417Z  ... found results file at /home/runner/work/_temp/codeql_databases/python/results/codeql/python-queries/Security/CWE-215/FlaskDebug.bqrs.
2025-10-18T04:10:28.3164228Z Interpreting /opt/hostedtoolcache/CodeQL/2.23.2/x64/codeql/qlpacks/codeql/python-queries/1.6.6/Security/CWE-113/HeaderInjection.ql...
2025-10-18T04:10:28.3219771Z  ... found results file at /home/runner/work/_temp/codeql_databases/python/results/codeql/python-queries/Security/CWE-113/HeaderInjection.bqrs.
2025-10-18T04:10:28.3225295Z Interpreting /opt/hostedtoolcache/CodeQL/2.23.2/x64/codeql/qlpacks/codeql/python-queries/1.6.6/Security/CWE-502/UnsafeDeserialization.ql...
2025-10-18T04:10:28.3301741Z  ... found results file at /home/runner/work/_temp/codeql_databases/python/results/codeql/python-queries/Security/CWE-502/UnsafeDeserialization.bqrs.
2025-10-18T04:10:28.3312703Z Interpreting /opt/hostedtoolcache/CodeQL/2.23.2/x64/codeql/qlpacks/codeql/python-queries/1.6.6/Security/CWE-079/ReflectedXss.ql...
2025-10-18T04:10:28.3407243Z  ... found results file at /home/runner/work/_temp/codeql_databases/python/results/codeql/python-queries/Security/CWE-079/ReflectedXss.bqrs.
2025-10-18T04:10:28.3408886Z Interpreting /opt/hostedtoolcache/CodeQL/2.23.2/x64/codeql/qlpacks/codeql/python-queries/1.6.6/Security/CWE-089/SqlInjection.ql...
2025-10-18T04:10:28.3482699Z  ... found results file at /home/runner/work/_temp/codeql_databases/python/results/codeql/python-queries/Security/CWE-089/SqlInjection.bqrs.
2025-10-18T04:10:28.3505919Z Interpreting /opt/hostedtoolcache/CodeQL/2.23.2/x64/codeql/qlpacks/codeql/python-queries/1.6.6/Security/CWE-614/InsecureCookie.ql...
2025-10-18T04:10:28.3563602Z  ... found results file at /home/runner/work/_temp/codeql_databases/python/results/codeql/python-queries/Security/CWE-614/InsecureCookie.bqrs.
2025-10-18T04:10:28.3571154Z Interpreting /opt/hostedtoolcache/CodeQL/2.23.2/x64/codeql/qlpacks/codeql/python-queries/1.6.6/Security/CWE-090/LdapInjection.ql...
2025-10-18T04:10:28.3651120Z  ... found results file at /home/runner/work/_temp/codeql_databases/python/results/codeql/python-queries/Security/CWE-090/LdapInjection.bqrs.
2025-10-18T04:10:28.3655814Z Interpreting /opt/hostedtoolcache/CodeQL/2.23.2/x64/codeql/qlpacks/codeql/python-queries/1.6.6/Security/CWE-730/RegexInjection.ql...
2025-10-18T04:10:28.3734682Z  ... found results file at /home/runner/work/_temp/codeql_databases/python/results/codeql/python-queries/Security/CWE-730/RegexInjection.bqrs.
2025-10-18T04:10:28.3742238Z Interpreting /opt/hostedtoolcache/CodeQL/2.23.2/x64/codeql/qlpacks/codeql/python-queries/1.6.6/Security/CWE-730/ReDoS.ql...
2025-10-18T04:10:28.3817301Z  ... found results file at /home/runner/work/_temp/codeql_databases/python/results/codeql/python-queries/Security/CWE-730/ReDoS.bqrs.
2025-10-18T04:10:28.3824203Z Interpreting /opt/hostedtoolcache/CodeQL/2.23.2/x64/codeql/qlpacks/codeql/python-queries/1.6.6/Security/CWE-730/PolynomialReDoS.ql...
2025-10-18T04:10:28.3905667Z  ... found results file at /home/runner/work/_temp/codeql_databases/python/results/codeql/python-queries/Security/CWE-730/PolynomialReDoS.bqrs.
2025-10-18T04:10:28.3908353Z Interpreting /opt/hostedtoolcache/CodeQL/2.23.2/x64/codeql/qlpacks/codeql/python-queries/1.6.6/Security/CWE-643/XpathInjection.ql...
2025-10-18T04:10:28.3982462Z  ... found results file at /home/runner/work/_temp/codeql_databases/python/results/codeql/python-queries/Security/CWE-643/XpathInjection.bqrs.
2025-10-18T04:10:28.3989620Z Interpreting /opt/hostedtoolcache/CodeQL/2.23.2/x64/codeql/qlpacks/codeql/python-queries/1.6.6/Security/CWE-611/Xxe.ql...
2025-10-18T04:10:28.4059064Z  ... found results file at /home/runner/work/_temp/codeql_databases/python/results/codeql/python-queries/Security/CWE-611/Xxe.bqrs.
2025-10-18T04:10:28.4067564Z Interpreting /opt/hostedtoolcache/CodeQL/2.23.2/x64/codeql/qlpacks/codeql/python-queries/1.6.6/Security/CWE-022/PathInjection.ql...
2025-10-18T04:10:28.4133270Z  ... found results file at /home/runner/work/_temp/codeql_databases/python/results/codeql/python-queries/Security/CWE-022/PathInjection.bqrs.
2025-10-18T04:10:28.4136495Z Interpreting /opt/hostedtoolcache/CodeQL/2.23.2/x64/codeql/qlpacks/codeql/python-queries/1.6.6/Security/CWE-020/OverlyLargeRange.ql...
2025-10-18T04:10:28.4217628Z  ... found results file at /home/runner/work/_temp/codeql_databases/python/results/codeql/python-queries/Security/CWE-020/OverlyLargeRange.bqrs.
2025-10-18T04:10:28.4219434Z Interpreting /opt/hostedtoolcache/CodeQL/2.23.2/x64/codeql/qlpacks/codeql/python-queries/1.6.6/Security/CWE-020/IncompleteHostnameRegExp.ql...
2025-10-18T04:10:28.4286572Z  ... found results file at /home/runner/work/_temp/codeql_databases/python/results/codeql/python-queries/Security/CWE-020/IncompleteHostnameRegExp.bqrs.
2025-10-18T04:10:28.4291650Z Interpreting /opt/hostedtoolcache/CodeQL/2.23.2/x64/codeql/qlpacks/codeql/python-queries/1.6.6/Security/CWE-020/CookieInjection.ql...
2025-10-18T04:10:28.4367543Z  ... found results file at /home/runner/work/_temp/codeql_databases/python/results/codeql/python-queries/Security/CWE-020/CookieInjection.bqrs.
2025-10-18T04:10:28.4369449Z Interpreting /opt/hostedtoolcache/CodeQL/2.23.2/x64/codeql/qlpacks/codeql/python-queries/1.6.6/Security/CWE-020/IncompleteUrlSubstringSanitization.ql...
2025-10-18T04:10:28.4427891Z  ... found results file at /home/runner/work/_temp/codeql_databases/python/results/codeql/python-queries/Security/CWE-020/IncompleteUrlSubstringSanitization.bqrs.
2025-10-18T04:10:28.4437437Z Interpreting /opt/hostedtoolcache/CodeQL/2.23.2/x64/codeql/qlpacks/codeql/python-queries/1.6.6/Security/CWE-209/StackTraceExposure.ql...
2025-10-18T04:10:28.4496275Z  ... found results file at /home/runner/work/_temp/codeql_databases/python/results/codeql/python-queries/Security/CWE-209/StackTraceExposure.bqrs.
2025-10-18T04:10:28.4500503Z Interpreting /opt/hostedtoolcache/CodeQL/2.23.2/x64/codeql/qlpacks/codeql/python-queries/1.6.6/Security/CWE-918/FullServerSideRequestForgery.ql...
2025-10-18T04:10:28.4558921Z  ... found results file at /home/runner/work/_temp/codeql_databases/python/results/codeql/python-queries/Security/CWE-918/FullServerSideRequestForgery.bqrs.
2025-10-18T04:10:28.4568863Z Interpreting /opt/hostedtoolcache/CodeQL/2.23.2/x64/codeql/qlpacks/codeql/python-queries/1.6.6/Security/CWE-776/XmlBomb.ql...
2025-10-18T04:10:28.4636536Z  ... found results file at /home/runner/work/_temp/codeql_databases/python/results/codeql/python-queries/Security/CWE-776/XmlBomb.bqrs.
2025-10-18T04:10:28.4638291Z Interpreting /opt/hostedtoolcache/CodeQL/2.23.2/x64/codeql/qlpacks/codeql/python-queries/1.6.6/Security/CWE-601/UrlRedirect.ql...
2025-10-18T04:10:28.4689107Z  ... found results file at /home/runner/work/_temp/codeql_databases/python/results/codeql/python-queries/Security/CWE-601/UrlRedirect.bqrs.
2025-10-18T04:10:28.4697668Z Interpreting /opt/hostedtoolcache/CodeQL/2.23.2/x64/codeql/qlpacks/codeql/python-queries/1.6.6/Security/CWE-295/MissingHostKeyValidation.ql...
2025-10-18T04:10:28.4759997Z  ... found results file at /home/runner/work/_temp/codeql_databases/python/results/codeql/python-queries/Security/CWE-295/MissingHostKeyValidation.bqrs.
2025-10-18T04:10:28.4765675Z Interpreting /opt/hostedtoolcache/CodeQL/2.23.2/x64/codeql/qlpacks/codeql/python-queries/1.6.6/Security/CWE-327/InsecureDefaultProtocol.ql...
2025-10-18T04:10:28.4831142Z  ... found results file at /home/runner/work/_temp/codeql_databases/python/results/codeql/python-queries/Security/CWE-327/InsecureDefaultProtocol.bqrs.
2025-10-18T04:10:28.4837388Z Interpreting /opt/hostedtoolcache/CodeQL/2.23.2/x64/codeql/qlpacks/codeql/python-queries/1.6.6/Security/CWE-327/InsecureProtocol.ql...
2025-10-18T04:10:28.4901323Z  ... found results file at /home/runner/work/_temp/codeql_databases/python/results/codeql/python-queries/Security/CWE-327/InsecureProtocol.bqrs.
2025-10-18T04:10:28.4906694Z Interpreting /opt/hostedtoolcache/CodeQL/2.23.2/x64/codeql/qlpacks/codeql/python-queries/1.6.6/Security/CWE-327/BrokenCryptoAlgorithm.ql...
2025-10-18T04:10:28.4977170Z  ... found results file at /home/runner/work/_temp/codeql_databases/python/results/codeql/python-queries/Security/CWE-327/BrokenCryptoAlgorithm.bqrs.
2025-10-18T04:10:28.4985743Z Interpreting /opt/hostedtoolcache/CodeQL/2.23.2/x64/codeql/qlpacks/codeql/python-queries/1.6.6/Security/CWE-327/WeakSensitiveDataHashing.ql...
2025-10-18T04:10:28.5044753Z  ... found results file at /home/runner/work/_temp/codeql_databases/python/results/codeql/python-queries/Security/CWE-327/WeakSensitiveDataHashing.bqrs.
2025-10-18T04:10:28.5051541Z Interpreting /opt/hostedtoolcache/CodeQL/2.23.2/x64/codeql/qlpacks/codeql/python-queries/1.6.6/Security/CWE-094/CodeInjection.ql...
2025-10-18T04:10:28.5111022Z  ... found results file at /home/runner/work/_temp/codeql_databases/python/results/codeql/python-queries/Security/CWE-094/CodeInjection.bqrs.
2025-10-18T04:10:28.5120296Z Interpreting /opt/hostedtoolcache/CodeQL/2.23.2/x64/codeql/qlpacks/codeql/python-queries/1.6.6/Security/CWE-352/CSRFProtectionDisabled.ql...
2025-10-18T04:10:28.5175692Z  ... found results file at /home/runner/work/_temp/codeql_databases/python/results/codeql/python-queries/Security/CWE-352/CSRFProtectionDisabled.bqrs.
2025-10-18T04:10:28.5182760Z Interpreting /opt/hostedtoolcache/CodeQL/2.23.2/x64/codeql/qlpacks/codeql/python-queries/1.6.6/Security/CWE-074/TemplateInjection.ql...
2025-10-18T04:10:28.5241574Z  ... found results file at /home/runner/work/_temp/codeql_databases/python/results/codeql/python-queries/Security/CWE-074/TemplateInjection.bqrs.
2025-10-18T04:10:28.5246447Z Interpreting /opt/hostedtoolcache/CodeQL/2.23.2/x64/codeql/qlpacks/codeql/python-queries/1.6.6/Security/CWE-078/CommandInjection.ql...
2025-10-18T04:10:28.5309125Z  ... found results file at /home/runner/work/_temp/codeql_databases/python/results/codeql/python-queries/Security/CWE-078/CommandInjection.bqrs.
2025-10-18T04:10:28.5316118Z Interpreting /opt/hostedtoolcache/CodeQL/2.23.2/x64/codeql/qlpacks/codeql/python-queries/1.6.6/Security/CWE-116/BadTagFilter.ql...
2025-10-18T04:10:28.5380120Z  ... found results file at /home/runner/work/_temp/codeql_databases/python/results/codeql/python-queries/Security/CWE-116/BadTagFilter.bqrs.
2025-10-18T04:10:28.5387468Z Interpreting /opt/hostedtoolcache/CodeQL/2.23.2/x64/codeql/qlpacks/codeql/python-queries/1.6.6/Security/CWE-326/WeakCryptoKey.ql...
2025-10-18T04:10:28.5447918Z  ... found results file at /home/runner/work/_temp/codeql_databases/python/results/codeql/python-queries/Security/CWE-326/WeakCryptoKey.bqrs.
2025-10-18T04:10:28.5453521Z Interpreting /opt/hostedtoolcache/CodeQL/2.23.2/x64/codeql/qlpacks/codeql/python-queries/1.6.6/Diagnostics/ExtractedFiles.ql...
2025-10-18T04:10:28.5506300Z  ... found results file at /home/runner/work/_temp/codeql_databases/python/results/codeql/python-queries/Diagnostics/ExtractedFiles.bqrs.
2025-10-18T04:10:28.5525510Z Interpreting /opt/hostedtoolcache/CodeQL/2.23.2/x64/codeql/qlpacks/codeql/python-queries/1.6.6/Diagnostics/ExtractionWarnings.ql...
2025-10-18T04:10:28.5563595Z  ... found results file at /home/runner/work/_temp/codeql_databases/python/results/codeql/python-queries/Diagnostics/ExtractionWarnings.bqrs.
2025-10-18T04:10:28.5568974Z Interpreting /opt/hostedtoolcache/CodeQL/2.23.2/x64/codeql/qlpacks/codeql/python-queries/1.6.6/Summary/LinesOfCode.ql...
2025-10-18T04:10:28.5627122Z  ... found results file at /home/runner/work/_temp/codeql_databases/python/results/codeql/python-queries/Summary/LinesOfCode.bqrs.
2025-10-18T04:10:28.5632876Z Interpreting /opt/hostedtoolcache/CodeQL/2.23.2/x64/codeql/qlpacks/codeql/python-queries/1.6.6/Summary/LinesOfUserCode.ql...
2025-10-18T04:10:28.5704202Z  ... found results file at /home/runner/work/_temp/codeql_databases/python/results/codeql/python-queries/Summary/LinesOfUserCode.bqrs.
2025-10-18T04:10:28.6846884Z Interpreted problem query "'input' function used in Python 2" (py/use-of-input) at path /home/runner/work/_temp/codeql_databases/python/results/codeql/python-queries/Expressions/UseofInput.bqrs.
2025-10-18T04:10:28.6853081Z Interpreted problem query "Binding a socket to all network interfaces" (py/bind-socket-all-network-interfaces) at path /home/runner/work/_temp/codeql_databases/python/results/codeql/python-queries/Security/CVE-2018-1281/BindToAllInterfaces.bqrs.
2025-10-18T04:10:28.6860254Z Interpreted problem query "Insecure temporary file" (py/insecure-temporary-file) at path /home/runner/work/_temp/codeql_databases/python/results/codeql/python-queries/Security/CWE-377/InsecureTemporaryFile.bqrs.
2025-10-18T04:10:28.6873210Z Interpreted pathproblem query "NoSQL Injection" (py/nosql-injection) at path /home/runner/work/_temp/codeql_databases/python/results/codeql/python-queries/Security/CWE-943/NoSqlInjection.bqrs.
2025-10-18T04:10:28.6893831Z Interpreted pathproblem query "PAM authorization bypass due to incorrect usage" (py/pam-auth-bypass) at path /home/runner/work/_temp/codeql_databases/python/results/codeql/python-queries/Security/CWE-285/PamAuthorization.bqrs.
2025-10-18T04:10:28.6898296Z Interpreted pathproblem query "Clear-text storage of sensitive information" (py/clear-text-storage-sensitive-data) at path /home/runner/work/_temp/codeql_databases/python/results/codeql/python-queries/Security/CWE-312/CleartextStorage.bqrs.
2025-10-18T04:10:28.6902802Z Interpreted pathproblem query "Clear-text logging of sensitive information" (py/clear-text-logging-sensitive-data) at path /home/runner/work/_temp/codeql_databases/python/results/codeql/python-queries/Security/CWE-312/CleartextLogging.bqrs.
2025-10-18T04:10:28.6905420Z Interpreted problem query "Flask app is run in debug mode" (py/flask-debug) at path /home/runner/work/_temp/codeql_databases/python/results/codeql/python-queries/Security/CWE-215/FlaskDebug.bqrs.
2025-10-18T04:10:28.6918183Z Interpreted pathproblem query "HTTP Response Splitting" (py/http-response-splitting) at path /home/runner/work/_temp/codeql_databases/python/results/codeql/python-queries/Security/CWE-113/HeaderInjection.bqrs.
2025-10-18T04:10:28.6921037Z Interpreted pathproblem query "Deserialization of user-controlled data" (py/unsafe-deserialization) at path /home/runner/work/_temp/codeql_databases/python/results/codeql/python-queries/Security/CWE-502/UnsafeDeserialization.bqrs.
2025-10-18T04:10:28.6925599Z Interpreted pathproblem query "Reflected server-side cross-site scripting" (py/reflective-xss) at path /home/runner/work/_temp/codeql_databases/python/results/codeql/python-queries/Security/CWE-079/ReflectedXss.bqrs.
2025-10-18T04:10:28.6930398Z Interpreted pathproblem query "SQL query built from user-controlled sources" (py/sql-injection) at path /home/runner/work/_temp/codeql_databases/python/results/codeql/python-queries/Security/CWE-089/SqlInjection.bqrs.
2025-10-18T04:10:28.6932914Z Interpreted problem query "Failure to use secure cookies" (py/insecure-cookie) at path /home/runner/work/_temp/codeql_databases/python/results/codeql/python-queries/Security/CWE-614/InsecureCookie.bqrs.
2025-10-18T04:10:28.6940809Z Interpreted pathproblem query "LDAP query built from user-controlled sources" (py/ldap-injection) at path /home/runner/work/_temp/codeql_databases/python/results/codeql/python-queries/Security/CWE-090/LdapInjection.bqrs.
2025-10-18T04:10:28.6943467Z Interpreted pathproblem query "Regular expression injection" (py/regex-injection) at path /home/runner/work/_temp/codeql_databases/python/results/codeql/python-queries/Security/CWE-730/RegexInjection.bqrs.
2025-10-18T04:10:28.6945856Z Interpreted problem query "Inefficient regular expression" (py/redos) at path /home/runner/work/_temp/codeql_databases/python/results/codeql/python-queries/Security/CWE-730/ReDoS.bqrs.
2025-10-18T04:10:28.6948171Z Interpreted pathproblem query "Polynomial regular expression used on uncontrolled data" (py/polynomial-redos) at path /home/runner/work/_temp/codeql_databases/python/results/codeql/python-queries/Security/CWE-730/PolynomialReDoS.bqrs.
2025-10-18T04:10:28.6966155Z Interpreted pathproblem query "XPath query built from user-controlled sources" (py/xpath-injection) at path /home/runner/work/_temp/codeql_databases/python/results/codeql/python-queries/Security/CWE-643/XpathInjection.bqrs.
2025-10-18T04:10:28.6971097Z Interpreted pathproblem query "XML external entity expansion" (py/xxe) at path /home/runner/work/_temp/codeql_databases/python/results/codeql/python-queries/Security/CWE-611/Xxe.bqrs.
2025-10-18T04:10:28.6977519Z Interpreted pathproblem query "Uncontrolled data used in path expression" (py/path-injection) at path /home/runner/work/_temp/codeql_databases/python/results/codeql/python-queries/Security/CWE-022/PathInjection.bqrs.
2025-10-18T04:10:28.6980004Z Interpreted problem query "Overly permissive regular expression range" (py/overly-large-range) at path /home/runner/work/_temp/codeql_databases/python/results/codeql/python-queries/Security/CWE-020/OverlyLargeRange.bqrs.
2025-10-18T04:10:28.6982684Z Interpreted problem query "Incomplete regular expression for hostnames" (py/incomplete-hostname-regexp) at path /home/runner/work/_temp/codeql_databases/python/results/codeql/python-queries/Security/CWE-020/IncompleteHostnameRegExp.bqrs.
2025-10-18T04:10:28.6985694Z Interpreted pathproblem query "Construction of a cookie using user-supplied input" (py/cookie-injection) at path /home/runner/work/_temp/codeql_databases/python/results/codeql/python-queries/Security/CWE-020/CookieInjection.bqrs.
2025-10-18T04:10:28.6988600Z Interpreted problem query "Incomplete URL substring sanitization" (py/incomplete-url-substring-sanitization) at path /home/runner/work/_temp/codeql_databases/python/results/codeql/python-queries/Security/CWE-020/IncompleteUrlSubstringSanitization.bqrs.
2025-10-18T04:10:28.6992111Z Interpreted pathproblem query "Information exposure through an exception" (py/stack-trace-exposure) at path /home/runner/work/_temp/codeql_databases/python/results/codeql/python-queries/Security/CWE-209/StackTraceExposure.bqrs.
2025-10-18T04:10:28.6995931Z Interpreted pathproblem query "Full server-side request forgery" (py/full-ssrf) at path /home/runner/work/_temp/codeql_databases/python/results/codeql/python-queries/Security/CWE-918/FullServerSideRequestForgery.bqrs.
2025-10-18T04:10:28.7009588Z Interpreted pathproblem query "XML internal entity expansion" (py/xml-bomb) at path /home/runner/work/_temp/codeql_databases/python/results/codeql/python-queries/Security/CWE-776/XmlBomb.bqrs.
2025-10-18T04:10:28.7011887Z Interpreted pathproblem query "URL redirection from remote source" (py/url-redirection) at path /home/runner/work/_temp/codeql_databases/python/results/codeql/python-queries/Security/CWE-601/UrlRedirect.bqrs.
2025-10-18T04:10:28.7016002Z Interpreted problem query "Accepting unknown SSH host keys when using Paramiko" (py/paramiko-missing-host-key-validation) at path /home/runner/work/_temp/codeql_databases/python/results/codeql/python-queries/Security/CWE-295/MissingHostKeyValidation.bqrs.
2025-10-18T04:10:28.7019877Z Interpreted problem query "Default version of SSL/TLS may be insecure" (py/insecure-default-protocol) at path /home/runner/work/_temp/codeql_databases/python/results/codeql/python-queries/Security/CWE-327/InsecureDefaultProtocol.bqrs.
2025-10-18T04:10:28.7033857Z Interpreted problem query "Use of insecure SSL/TLS version" (py/insecure-protocol) at path /home/runner/work/_temp/codeql_databases/python/results/codeql/python-queries/Security/CWE-327/InsecureProtocol.bqrs.
2025-10-18T04:10:28.7048515Z Interpreted problem query "Use of a broken or weak cryptographic algorithm" (py/weak-cryptographic-algorithm) at path /home/runner/work/_temp/codeql_databases/python/results/codeql/python-queries/Security/CWE-327/BrokenCryptoAlgorithm.bqrs.
2025-10-18T04:10:28.7051633Z Interpreted pathproblem query "Use of a broken or weak cryptographic hashing algorithm on sensitive data" (py/weak-sensitive-data-hashing) at path /home/runner/work/_temp/codeql_databases/python/results/codeql/python-queries/Security/CWE-327/WeakSensitiveDataHashing.bqrs.
2025-10-18T04:10:28.7054787Z Interpreted pathproblem query "Code injection" (py/code-injection) at path /home/runner/work/_temp/codeql_databases/python/results/codeql/python-queries/Security/CWE-094/CodeInjection.bqrs.
2025-10-18T04:10:28.7057231Z Interpreted problem query "CSRF protection weakened or disabled" (py/csrf-protection-disabled) at path /home/runner/work/_temp/codeql_databases/python/results/codeql/python-queries/Security/CWE-352/CSRFProtectionDisabled.bqrs.
2025-10-18T04:10:28.7059799Z Interpreted pathproblem query "Server Side Template Injection" (py/template-injection) at path /home/runner/work/_temp/codeql_databases/python/results/codeql/python-queries/Security/CWE-074/TemplateInjection.bqrs.
2025-10-18T04:10:28.7062278Z Interpreted pathproblem query "Uncontrolled command line" (py/command-line-injection) at path /home/runner/work/_temp/codeql_databases/python/results/codeql/python-queries/Security/CWE-078/CommandInjection.bqrs.
2025-10-18T04:10:28.7064859Z Interpreted problem query "Bad HTML filtering regexp" (py/bad-tag-filter) at path /home/runner/work/_temp/codeql_databases/python/results/codeql/python-queries/Security/CWE-116/BadTagFilter.bqrs.
2025-10-18T04:10:28.7067103Z Interpreted problem query "Use of weak cryptographic key" (py/weak-crypto-key) at path /home/runner/work/_temp/codeql_databases/python/results/codeql/python-queries/Security/CWE-326/WeakCryptoKey.bqrs.
2025-10-18T04:10:28.7093458Z Interpreted diagnostic query "Extracted Python files" (py/diagnostics/successfully-extracted-files) at path /home/runner/work/_temp/codeql_databases/python/results/codeql/python-queries/Diagnostics/ExtractedFiles.bqrs.
2025-10-18T04:10:28.7096298Z Interpreted diagnostic query "Python extraction warnings" (py/diagnostics/extraction-warnings) at path /home/runner/work/_temp/codeql_databases/python/results/codeql/python-queries/Diagnostics/ExtractionWarnings.bqrs.
2025-10-18T04:10:28.7098761Z Interpreted metric query "Total lines of Python code in the database" (py/summary/lines-of-code) at path /home/runner/work/_temp/codeql_databases/python/results/codeql/python-queries/Summary/LinesOfCode.bqrs.
2025-10-18T04:10:28.7101150Z Interpreted metric query "Total lines of user written Python code in the database" (py/summary/lines-of-user-code) at path /home/runner/work/_temp/codeql_databases/python/results/codeql/python-queries/Summary/LinesOfUserCode.bqrs.
2025-10-18T04:10:28.7102790Z Reading source archive /home/runner/work/_temp/codeql_databases/python/src.zip
2025-10-18T04:10:28.9252273Z Interpreting file coverage baseline information
2025-10-18T04:10:28.9265379Z Finished interpreting file coverage baseline information.
2025-10-18T04:10:28.9268269Z Interpreting diagnostic messages...
2025-10-18T04:10:28.9652481Z Found 3 raw diagnostic messages.
2025-10-18T04:10:28.9723883Z Processed diagnostic messages (removed 0 due to limits, created 0 summary diagnostics for status page).
2025-10-18T04:10:28.9742874Z Interpreted diagnostic messages (46ms).
2025-10-18T04:10:29.2199338Z Exporting results to SARIF...
2025-10-18T04:10:29.4252084Z Exported results to SARIF (204ms).
2025-10-18T04:10:29.4591815Z ##[endgroup]
2025-10-18T04:10:29.4601784Z CodeQL scanned 6 out of 6 GitHub Actions files and 6 out of 6 Python files in this invocation. Check the status page for overall coverage information: https://github.com/fattits30-dev/Justice-Companion/security/code-scanning/tools/CodeQL/status/
2025-10-18T04:10:29.4603124Z 
2025-10-18T04:10:29.4603820Z ##[group]Uploading code scanning results
2025-10-18T04:10:29.4605046Z Processing sarif files: ["/home/runner/work/Justice-Companion/results/python.sarif"]
2025-10-18T04:10:29.4638017Z Adding fingerprints to SARIF file. See https://docs.github.com/en/enterprise-cloud@latest/code-security/code-scanning/integrating-with-code-scanning/sarif-support-for-code-scanning#providing-data-to-track-code-scanning-alerts-across-runs for more information.
2025-10-18T04:10:29.4804888Z Uploading results
2025-10-18T04:10:29.9878990Z Successfully uploaded results
2025-10-18T04:10:29.9879687Z ##[endgroup]
2025-10-18T04:10:29.9884889Z ##[group]Cleaning up databases
2025-10-18T04:10:29.9887560Z [command]/opt/hostedtoolcache/CodeQL/2.23.2/x64/codeql/codeql database cleanup /home/runner/work/_temp/codeql_databases/python --cache-cleanup=clear
2025-10-18T04:10:30.6682093Z Cleaning up existing TRAP files after import...
2025-10-18T04:10:30.6727049Z TRAP files cleaned up (2ms).
2025-10-18T04:10:30.6728240Z Cleaning up scratch directory...
2025-10-18T04:10:30.6729250Z Scratch directory cleaned up (0ms).
2025-10-18T04:10:30.7346543Z ##[endgroup]
2025-10-18T04:10:30.7356055Z [command]/opt/hostedtoolcache/CodeQL/2.23.2/x64/codeql/codeql database bundle /home/runner/work/_temp/codeql_databases/python --output=/home/runner/work/_temp/codeql_databases/python.zip --name=python
2025-10-18T04:10:31.5880981Z Creating bundle metadata for /home/runner/work/_temp/codeql_databases/python...
2025-10-18T04:10:32.1401663Z Creating zip file at /home/runner/work/_temp/codeql_databases/python.zip.
2025-10-18T04:10:33.0087520Z Skipping upload of dependency cache for python as we have no caching configuration for it.
2025-10-18T04:10:33.0089142Z ##[group]Waiting for processing to finish
2025-10-18T04:10:33.1687042Z Analysis upload status is complete.
2025-10-18T04:10:33.1687654Z ##[endgroup]
2025-10-18T04:10:33.3241863Z Post job cleanup.
2025-10-18T04:10:34.1810211Z Post job cleanup.
2025-10-18T04:10:34.3846088Z Post job cleanup.
2025-10-18T04:10:35.5608040Z CodeQL job status was success.
2025-10-18T04:10:35.5669777Z Sending status report for init-post step.
2025-10-18T04:10:35.7102276Z Status report sent for init-post step.
2025-10-18T04:10:35.7230991Z Post job cleanup.
2025-10-18T04:10:35.8256848Z [command]/usr/bin/git version
2025-10-18T04:10:35.8294213Z git version 2.51.0
2025-10-18T04:10:35.8346702Z Temporarily overriding HOME='/home/runner/work/_temp/273c9b17-59b8-4660-9931-1b83b658a690' before making global git config changes
2025-10-18T04:10:35.8347842Z Adding repository directory to the temporary git global config as a safe directory
2025-10-18T04:10:35.8356055Z [command]/usr/bin/git config --global --add safe.directory /home/runner/work/Justice-Companion/Justice-Companion
2025-10-18T04:10:35.8393490Z [command]/usr/bin/git config --local --name-only --get-regexp core\.sshCommand
2025-10-18T04:10:35.8426199Z [command]/usr/bin/git submodule foreach --recursive sh -c "git config --local --name-only --get-regexp 'core\.sshCommand' && git config --local --unset-all 'core.sshCommand' || :"
2025-10-18T04:10:35.8668311Z [command]/usr/bin/git config --local --name-only --get-regexp http\.https\:\/\/github\.com\/\.extraheader
2025-10-18T04:10:35.8689892Z http.https://github.com/.extraheader
2025-10-18T04:10:35.8702496Z [command]/usr/bin/git config --local --unset-all http.https://github.com/.extraheader
2025-10-18T04:10:35.8732956Z [command]/usr/bin/git submodule foreach --recursive sh -c "git config --local --name-only --get-regexp 'http\.https\:\/\/github\.com\/\.extraheader' && git config --local --unset-all 'http.https://github.com/.extraheader' || :"
2025-10-18T04:10:35.9070691Z Cleaning up orphan processes
